Archive member included to satisfy reference by file (symbol)

C:/Users/renzo/.pico-sdk/toolchain/14_2_Rel1/bin/../lib/gcc/arm-none-eabi/14.2.1/thumb/v6-m/nofp\libgcc.a(_dvmd_tls.o)
                              CMakeFiles/Apolo.dir/C_/Users/renzo/.pico-sdk/sdk/2.2.0/src/rp2_common/pico_divider/divider_hardware.S.obj (__aeabi_idiv0)
C:/Users/renzo/.pico-sdk/toolchain/14_2_Rel1/bin/../lib/gcc/arm-none-eabi/14.2.1/thumb/v6-m/nofp\libg.a(libc_a-calloc.o)
                              CMakeFiles/Apolo.dir/C_/Users/renzo/.pico-sdk/sdk/2.2.0/src/rp2_common/pico_malloc/malloc.c.obj (calloc)
C:/Users/renzo/.pico-sdk/toolchain/14_2_Rel1/bin/../lib/gcc/arm-none-eabi/14.2.1/thumb/v6-m/nofp\libg.a(libc_a-callocr.o)
                              C:/Users/renzo/.pico-sdk/toolchain/14_2_Rel1/bin/../lib/gcc/arm-none-eabi/14.2.1/thumb/v6-m/nofp\libg.a(libc_a-calloc.o) (_calloc_r)
C:/Users/renzo/.pico-sdk/toolchain/14_2_Rel1/bin/../lib/gcc/arm-none-eabi/14.2.1/thumb/v6-m/nofp\libg.a(libc_a-malloc.o)
                              CMakeFiles/Apolo.dir/C_/Users/renzo/.pico-sdk/sdk/2.2.0/src/rp2_common/pico_malloc/malloc.c.obj (malloc)
C:/Users/renzo/.pico-sdk/toolchain/14_2_Rel1/bin/../lib/gcc/arm-none-eabi/14.2.1/thumb/v6-m/nofp\libg.a(libc_a-mallocr.o)
                              C:/Users/renzo/.pico-sdk/toolchain/14_2_Rel1/bin/../lib/gcc/arm-none-eabi/14.2.1/thumb/v6-m/nofp\libg.a(libc_a-callocr.o) (_malloc_r)
C:/Users/renzo/.pico-sdk/toolchain/14_2_Rel1/bin/../lib/gcc/arm-none-eabi/14.2.1/thumb/v6-m/nofp\libg.a(libc_a-mlock.o)
                              C:/Users/renzo/.pico-sdk/toolchain/14_2_Rel1/bin/../lib/gcc/arm-none-eabi/14.2.1/thumb/v6-m/nofp\libg.a(libc_a-mallocr.o) (__malloc_lock)
C:/Users/renzo/.pico-sdk/toolchain/14_2_Rel1/bin/../lib/gcc/arm-none-eabi/14.2.1/thumb/v6-m/nofp\libg.a(libc_a-realloc.o)
                              CMakeFiles/Apolo.dir/C_/Users/renzo/.pico-sdk/sdk/2.2.0/src/rp2_common/pico_malloc/malloc.c.obj (realloc)
C:/Users/renzo/.pico-sdk/toolchain/14_2_Rel1/bin/../lib/gcc/arm-none-eabi/14.2.1/thumb/v6-m/nofp\libg.a(libc_a-reallocr.o)
                              C:/Users/renzo/.pico-sdk/toolchain/14_2_Rel1/bin/../lib/gcc/arm-none-eabi/14.2.1/thumb/v6-m/nofp\libg.a(libc_a-realloc.o) (_realloc_r)
C:/Users/renzo/.pico-sdk/toolchain/14_2_Rel1/bin/../lib/gcc/arm-none-eabi/14.2.1/thumb/v6-m/nofp\libg.a(libc_a-memcmp.o)
                              CMakeFiles/Apolo.dir/C_/Users/renzo/.pico-sdk/sdk/2.2.0/src/rp2_common/pico_atomic/atomic.c.obj (memcmp)
C:/Users/renzo/.pico-sdk/toolchain/14_2_Rel1/bin/../lib/gcc/arm-none-eabi/14.2.1/thumb/v6-m/nofp\libg.a(libc_a-memmove.o)
                              C:/Users/renzo/.pico-sdk/toolchain/14_2_Rel1/bin/../lib/gcc/arm-none-eabi/14.2.1/thumb/v6-m/nofp\libg.a(libc_a-reallocr.o) (memmove)
C:/Users/renzo/.pico-sdk/toolchain/14_2_Rel1/bin/../lib/gcc/arm-none-eabi/14.2.1/thumb/v6-m/nofp\libg.a(libc_a-lcltime_r.o)
                              CMakeFiles/Apolo.dir/C_/Users/renzo/.pico-sdk/sdk/2.2.0/src/common/pico_util/datetime.c.obj (localtime_r)
C:/Users/renzo/.pico-sdk/toolchain/14_2_Rel1/bin/../lib/gcc/arm-none-eabi/14.2.1/thumb/v6-m/nofp\libg.a(libc_a-mktime.o)
                              CMakeFiles/Apolo.dir/C_/Users/renzo/.pico-sdk/sdk/2.2.0/src/common/pico_util/datetime.c.obj (mktime)
C:/Users/renzo/.pico-sdk/toolchain/14_2_Rel1/bin/../lib/gcc/arm-none-eabi/14.2.1/thumb/v6-m/nofp\libg.a(libc_a-month_lengths.o)
                              C:/Users/renzo/.pico-sdk/toolchain/14_2_Rel1/bin/../lib/gcc/arm-none-eabi/14.2.1/thumb/v6-m/nofp\libg.a(libc_a-lcltime_r.o) (__month_lengths)
C:/Users/renzo/.pico-sdk/toolchain/14_2_Rel1/bin/../lib/gcc/arm-none-eabi/14.2.1/thumb/v6-m/nofp\libg.a(libc_a-tzcalc_limits.o)
                              C:/Users/renzo/.pico-sdk/toolchain/14_2_Rel1/bin/../lib/gcc/arm-none-eabi/14.2.1/thumb/v6-m/nofp\libg.a(libc_a-lcltime_r.o) (__tzcalc_limits)
C:/Users/renzo/.pico-sdk/toolchain/14_2_Rel1/bin/../lib/gcc/arm-none-eabi/14.2.1/thumb/v6-m/nofp\libg.a(libc_a-tzlock.o)
                              C:/Users/renzo/.pico-sdk/toolchain/14_2_Rel1/bin/../lib/gcc/arm-none-eabi/14.2.1/thumb/v6-m/nofp\libg.a(libc_a-lcltime_r.o) (__tz_lock)
C:/Users/renzo/.pico-sdk/toolchain/14_2_Rel1/bin/../lib/gcc/arm-none-eabi/14.2.1/thumb/v6-m/nofp\libg.a(libc_a-tzset.o)
                              C:/Users/renzo/.pico-sdk/toolchain/14_2_Rel1/bin/../lib/gcc/arm-none-eabi/14.2.1/thumb/v6-m/nofp\libg.a(libc_a-lcltime_r.o) (_tzset_unlocked)
C:/Users/renzo/.pico-sdk/toolchain/14_2_Rel1/bin/../lib/gcc/arm-none-eabi/14.2.1/thumb/v6-m/nofp\libg.a(libc_a-tzset_r.o)
                              C:/Users/renzo/.pico-sdk/toolchain/14_2_Rel1/bin/../lib/gcc/arm-none-eabi/14.2.1/thumb/v6-m/nofp\libg.a(libc_a-tzset.o) (_tzset_unlocked_r)
C:/Users/renzo/.pico-sdk/toolchain/14_2_Rel1/bin/../lib/gcc/arm-none-eabi/14.2.1/thumb/v6-m/nofp\libg.a(libc_a-tzvars.o)
[...]
Memory Configuration

Name             Origin             Length             Attributes
FLASH            0x10000000         0x00200000         xr
RAM              0x20000000         0x00040000         xrw
SCRATCH_X        0x20040000         0x00001000         xrw
SCRATCH_Y        0x20041000         0x00001000         xrw
*default*        0x00000000         0xffffffff

Linker script and memory map

LOAD C:/Users/renzo/.pico-sdk/toolchain/14_2_Rel1/bin/../lib/gcc/arm-none-eabi/14.2.1/thumb/v6-m/nofp/crti.o
LOAD C:/Users/renzo/.pico-sdk/toolchain/14_2_Rel1/bin/../lib/gcc/arm-none-eabi/14.2.1/thumb/v6-m/nofp/crtbegin.o
LOAD C:/Users/renzo/.pico-sdk/toolchain/14_2_Rel1/bin/../lib/gcc/arm-none-eabi/14.2.1/thumb/v6-m/nofp/crt0.o

.flash_begin    0x10000000        0x0
                0x10000000                        __flash_binary_start = .

.boot2          0x10000000      0x100
                0x10000000                        __boot2_start__ = .
 *(.boot2)
 .boot2         0x10000000      0x100 pico-sdk/src/rp2040/boot_stage2/CMakeFiles/bs2_default_library.dir/./bs2_default_padded_checksummed.S.obj
                0x10000100                        __boot2_end__ = .
                0x00000001                        ASSERT (((__boot2_end__ - __boot2_start__) == 0x100), ERROR: Pico second stage bootloader must be 256 bytes in size)

.text           0x10000100     0x7274
                0x10000100                        __logical_binary_start = .
 *(.vectors)
 .vectors       0x10000100       0xd4 CMakeFiles/Apolo.dir/C_/Users/renzo/.pico-sdk/sdk/2.2.0/src/rp2_common/pico_crt0/crt0.S.obj
                0x10000100                __VECTOR_TABLE
                0x10000100                __vectors
                0x100001c0                isr_irq13
                0x100001c0                isr_irq27
                0x100001c0                isr_irq31
                0x100001c0                isr_irq12
                0x100001c0                isr_irq5
                0x100001c0                isr_irq11
                0x100001c0                isr_irq3
                0x100001c0                isr_irq23
                0x100001c0                __unhandled_user_irq
                0x100001c0                isr_irq26
                0x100001c0                isr_irq28
                0x100001c0                isr_irq19
                0x100001c0                isr_irq0
                0x100001c0                isr_irq6
                0x100001c0                isr_irq29
                0x100001c0                isr_irq16
                0x100001c0                isr_irq22
                0x100001c0                isr_irq18
                0x100001c0                isr_irq17
                0x100001c0                isr_irq14
                0x100001c0                __vectors_end
                0x100001c0                __default_isrs_start
                0x100001c0                isr_irq2
                0x100001c0                isr_irq10
                0x100001c0                isr_irq8
                0x100001c0                isr_irq24
                0x100001c0                isr_irq1
                0x100001c0                isr_irq7
                0x100001c0                isr_irq21
                0x100001c0                isr_irq20
                0x100001c0                isr_irq15
                0x100001c0                isr_irq25
                0x100001c0                isr_irq4
                0x100001c0                isr_irq30
                0x100001c0                isr_irq9
                0x100001c6                unhandled_user_irq_num_in_r0
                0x100001c8                isr_invalid
                0x100001ca                isr_nmi
                0x100001cc                isr_hardfault
                0x100001ce                isr_svcall
                0x100001d0                isr_pendsv
                0x100001d2                isr_systick
                0x100001d4                __default_isrs_end
 *(.binary_info_header)
 .binary_info_header
                0x100001d4       0x14 CMakeFiles/Apolo.dir/C_/Users/renzo/.pico-sdk/sdk/2.2.0/src/rp2_common/pico_crt0/crt0.S.obj
                0x100001e8                        __binary_info_header_end = .
 *(.embedded_block)
                0x100001e8                        __embedded_block_end = .
 *(.reset)
 .reset         0x100001e8       0x9c CMakeFiles/Apolo.dir/C_/Users/renzo/.pico-sdk/sdk/2.2.0/src/rp2_common/pico_crt0/crt0.S.obj
                0x100001e8                _entry_point
 *(.init)
 .init          0x10000284        0x4 C:/Users/renzo/.pico-sdk/toolchain/14_2_Rel1/bin/../lib/gcc/arm-none-eabi/14.2.1/thumb/v6-m/nofp/crti.o
                0x10000284                _init
 *(EXCLUDE_FILE(*libm.a: *libc.a:*lib_a-mem*.o *libgcc.a:) .text*)
 .text.register_tm_clones
                0x10000288       0x28 C:/Users/renzo/.pico-sdk/toolchain/14_2_Rel1/bin/../lib/gcc/arm-none-eabi/14.2.1/thumb/v6-m/nofp/crtbegin.o
 .text.frame_dummy
                0x100002b0       0x24 C:/Users/renzo/.pico-sdk/toolchain/14_2_Rel1/bin/../lib/gcc/arm-none-eabi/14.2.1/thumb/v6-m/nofp/crtbegin.o
 .text.startup.main
                0x100002d4      0x45c CMakeFiles/Apolo.dir/Apolo.c.obj
                0x100002d4                main
 .text.gpio_set_function
                0x10000730       0x34 CMakeFiles/Apolo.dir/C_/Users/renzo/.pico-sdk/sdk/2.2.0/src/rp2_common/hardware_gpio/gpio.c.obj
                0x10000730                gpio_set_function
 .text.gpio_set_pulls
                0x10000764       0x28 CMakeFiles/Apolo.dir/C_/Users/renzo/.pico-sdk/sdk/2.2.0/src/rp2_common/hardware_gpio/gpio.c.obj
                0x10000764                gpio_set_pulls
 .text.rp2040_chip_version
                0x1000078c        0xc CMakeFiles/Apolo.dir/C_/Users/renzo/.pico-sdk/sdk/2.2.0/src/rp2040/pico_platform/platform.c.obj
                0x1000078c                rp2040_chip_version
 .text.panic    0x10000798       0x30 CMakeFiles/Apolo.dir/C_/Users/renzo/.pico-sdk/sdk/2.2.0/src/rp2_common/pico_platform_panic/panic.c.obj
                0x10000798                panic
 .text.hw_claim_or_assert
                0x100007c8       0x44 CMakeFiles/Apolo.dir/C_/Users/renzo/.pico-sdk/sdk/2.2.0/src/common/hardware_claim/claim.c.obj
                0x100007c8                hw_claim_or_assert
 .text.hw_claim_unused_from_range
                0x1000080c       0x88 CMakeFiles/Apolo.dir/C_/Users/renzo/.pico-sdk/sdk/2.2.0/src/common/hardware_claim/claim.c.obj
                0x1000080c                hw_claim_unused_from_range
 .text.next_striped_spin_lock_num
                0x10000894       0x18 CMakeFiles/Apolo.dir/C_/Users/renzo/.pico-sdk/sdk/2.2.0/src/rp2_common/hardware_sync/sync.c.obj
                0x10000894                next_striped_spin_lock_num
 .text.spin_lock_claim_unused
                0x100008ac       0x24 CMakeFiles/Apolo.dir/C_/Users/renzo/.pico-sdk/sdk/2.2.0/src/rp2_common/hardware_sync/sync.c.obj
                0x100008ac                spin_lock_claim_unused
 .text.spin_locks_reset
                0x100008d0       0x1c CMakeFiles/Apolo.dir/C_/Users/renzo/.pico-sdk/sdk/2.2.0/src/rp2_common/hardware_sync_spin_lock/sync_spin_lock.c.obj
                0x100008d0                spin_locks_reset
 .text.runtime_init_per_core_irq_priorities
                0x100008ec       0x24 CMakeFiles/Apolo.dir/C_/Users/renzo/.pico-sdk/sdk/2.2.0/src/rp2_common/hardware_irq/irq.c.obj
                0x100008ec                runtime_init_per_core_irq_priorities
 .text.irq_set_enabled
                0x10000910       0x24 CMakeFiles/Apolo.dir/C_/Users/renzo/.pico-sdk/sdk/2.2.0/src/rp2_common/hardware_irq/irq.c.obj
                0x10000910                irq_set_enabled
 .text.irq_is_enabled
                0x10000934       0x18 CMakeFiles/Apolo.dir/C_/Users/renzo/.pico-sdk/sdk/2.2.0/src/rp2_common/hardware_irq/irq.c.obj
                0x10000934                irq_is_enabled
 .text.irq_set_pending
                0x1000094c       0x10 CMakeFiles/Apolo.dir/C_/Users/renzo/.pico-sdk/sdk/2.2.0/src/rp2_common/hardware_irq/irq.c.obj
                0x1000094c                irq_set_pending
 .text.irq_has_shared_handler
                0x1000095c       0x24 CMakeFiles/Apolo.dir/C_/Users/renzo/.pico-sdk/sdk/2.2.0/src/rp2_common/hardware_irq/irq.c.obj
                0x1000095c                irq_has_shared_handler
 .text.irq_set_exclusive_handler
                0x10000980       0x54 CMakeFiles/Apolo.dir/C_/Users/renzo/.pico-sdk/sdk/2.2.0/src/rp2_common/hardware_irq/irq.c.obj
                0x10000980                irq_set_exclusive_handler
 .text.irq_add_shared_handler
                0x100009d4      0x1f4 CMakeFiles/Apolo.dir/C_/Users/renzo/.pico-sdk/sdk/2.2.0/src/rp2_common/hardware_irq/irq.c.obj
                0x100009d4                irq_add_shared_handler
 .text.irq_remove_handler
                0x10000bc8      0x1d4 CMakeFiles/Apolo.dir/C_/Users/renzo/.pico-sdk/sdk/2.2.0/src/rp2_common/hardware_irq/irq.c.obj
                0x10000bc8                irq_remove_handler
 .text.irq_add_tail_to_free_list
                0x10000d9c       0xb4 CMakeFiles/Apolo.dir/C_/Users/renzo/.pico-sdk/sdk/2.2.0/src/rp2_common/hardware_irq/irq.c.obj
                0x10000d9c                irq_add_tail_to_free_list
 .text.user_irq_claim_unused
                0x10000e50       0x2c CMakeFiles/Apolo.dir/C_/Users/renzo/.pico-sdk/sdk/2.2.0/src/rp2_common/hardware_irq/irq.c.obj
                0x10000e50                user_irq_claim_unused
 .text.lock_init
                0x10000e7c       0x10 CMakeFiles/Apolo.dir/C_/Users/renzo/.pico-sdk/sdk/2.2.0/src/common/pico_sync/lock_core.c.obj
                0x10000e7c                lock_init
 .text.runtime_init_mutex
                0x10000e8c       0x50 CMakeFiles/Apolo.dir/C_/Users/renzo/.pico-sdk/sdk/2.2.0/src/common/pico_sync/mutex.c.obj
                0x10000e8c                runtime_init_mutex
 .text.mutex_init
                0x10000edc       0x1c CMakeFiles/Apolo.dir/C_/Users/renzo/.pico-sdk/sdk/2.2.0/src/common/pico_sync/mutex.c.obj
                0x10000edc                mutex_init
 .text.critical_section_init
                0x10000ef8       0x1c CMakeFiles/Apolo.dir/C_/Users/renzo/.pico-sdk/sdk/2.2.0/src/common/pico_sync/critical_section.c.obj
                0x10000ef8                critical_section_init
 .text.critical_section_init_with_lock_num
                0x10000f14       0x14 CMakeFiles/Apolo.dir/C_/Users/renzo/.pico-sdk/sdk/2.2.0/src/common/pico_sync/critical_section.c.obj
                0x10000f14                critical_section_init_with_lock_num
 .text.sleep_until_callback
                0x10000f28       0x30 CMakeFiles/Apolo.dir/C_/Users/renzo/.pico-sdk/sdk/2.2.0/src/common/pico_time/time.c.obj
 .text.alarm_pool_irq_handler
                0x10000f58      0x300 CMakeFiles/Apolo.dir/C_/Users/renzo/.pico-sdk/sdk/2.2.0/src/common/pico_time/time.c.obj
 .text.runtime_init_default_alarm_pool
                0x10001258       0xdc CMakeFiles/Apolo.dir/C_/Users/renzo/.pico-sdk/sdk/2.2.0/src/common/pico_time/time.c.obj
                0x10001258                runtime_init_default_alarm_pool
 .text.alarm_pool_get_default
                0x10001334        0x8 CMakeFiles/Apolo.dir/C_/Users/renzo/.pico-sdk/sdk/2.2.0/src/common/pico_time/time.c.obj
                0x10001334                alarm_pool_get_default
 .text.alarm_pool_add_alarm_at
                0x1000133c       0xd0 CMakeFiles/Apolo.dir/C_/Users/renzo/.pico-sdk/sdk/2.2.0/src/common/pico_time/time.c.obj
                0x1000133c                alarm_pool_add_alarm_at
 .text.alarm_pool_add_alarm_at_force_in_context
                0x1000140c       0xb0 CMakeFiles/Apolo.dir/C_/Users/renzo/.pico-sdk/sdk/2.2.0/src/common/pico_time/time.c.obj
                0x1000140c                alarm_pool_add_alarm_at_force_in_context
 .text.alarm_pool_cancel_alarm
                0x100014bc       0x74 CMakeFiles/Apolo.dir/C_/Users/renzo/.pico-sdk/sdk/2.2.0/src/common/pico_time/time.c.obj
                0x100014bc                alarm_pool_cancel_alarm
 .text.alarm_pool_core_num
                0x10001530        0x4 CMakeFiles/Apolo.dir/C_/Users/renzo/.pico-sdk/sdk/2.2.0/src/common/pico_time/time.c.obj
                0x10001530                alarm_pool_core_num
 .text.sleep_ms
                0x10001534       0xfc CMakeFiles/Apolo.dir/C_/Users/renzo/.pico-sdk/sdk/2.2.0/src/common/pico_time/time.c.obj
                0x10001534                sleep_ms
 .text.best_effort_wfe_or_timeout
                0x10001630      0x10c CMakeFiles/Apolo.dir/C_/Users/renzo/.pico-sdk/sdk/2.2.0/src/common/pico_time/time.c.obj
                0x10001630                best_effort_wfe_or_timeout
 .text.timer_hardware_alarm_claim
                0x1000173c       0x14 CMakeFiles/Apolo.dir/C_/Users/renzo/.pico-sdk/sdk/2.2.0/src/rp2_common/hardware_timer/timer.c.obj
                0x1000173c                timer_hardware_alarm_claim
 .text.timer_time_us_64
                0x10001750       0x10 CMakeFiles/Apolo.dir/C_/Users/renzo/.pico-sdk/sdk/2.2.0/src/rp2_common/hardware_timer/timer.c.obj
                0x10001750                timer_time_us_64
 .text.time_us_64
                0x10001760       0x14 CMakeFiles/Apolo.dir/C_/Users/renzo/.pico-sdk/sdk/2.2.0/src/rp2_common/hardware_timer/timer.c.obj
                0x10001760                time_us_64
 .text.busy_wait_us
                0x10001774       0x68 CMakeFiles/Apolo.dir/C_/Users/renzo/.pico-sdk/sdk/2.2.0/src/rp2_common/hardware_timer/timer.c.obj
                0x10001774                busy_wait_us
 .text.busy_wait_until
                0x100017dc       0x20 CMakeFiles/Apolo.dir/C_/Users/renzo/.pico-sdk/sdk/2.2.0/src/rp2_common/hardware_timer/timer.c.obj
                0x100017dc                busy_wait_until
 .text.uart_init
                0x100017fc      0x120 CMakeFiles/Apolo.dir/C_/Users/renzo/.pico-sdk/sdk/2.2.0/src/rp2_common/hardware_uart/uart.c.obj
                0x100017fc                uart_init
 .text.clock_configure_int_divider
                0x1000191c       0xf4 CMakeFiles/Apolo.dir/C_/Users/renzo/.pico-sdk/sdk/2.2.0/src/rp2_common/hardware_clocks/clocks.c.obj
                0x1000191c                clock_configure_int_divider
 .text.clock_configure_undivided
                0x10001a10       0xe8 CMakeFiles/Apolo.dir/C_/Users/renzo/.pico-sdk/sdk/2.2.0/src/rp2_common/hardware_clocks/clocks.c.obj
                0x10001a10                clock_configure_undivided
 .text.clock_get_hz
                0x10001af8        0xc CMakeFiles/Apolo.dir/C_/Users/renzo/.pico-sdk/sdk/2.2.0/src/rp2_common/hardware_clocks/clocks.c.obj
                0x10001af8                clock_get_hz
 .text.pll_init
                0x10001b04       0xa4 CMakeFiles/Apolo.dir/C_/Users/renzo/.pico-sdk/sdk/2.2.0/src/rp2_common/hardware_pll/pll.c.obj
                0x10001b04                pll_init
 .text.watchdog_reboot
                0x10001ba8       0x9c CMakeFiles/Apolo.dir/C_/Users/renzo/.pico-sdk/sdk/2.2.0/src/rp2_common/hardware_watchdog/watchdog.c.obj
                0x10001ba8                watchdog_reboot
 .text.tick_start
                0x10001c44       0x10 CMakeFiles/Apolo.dir/C_/Users/renzo/.pico-sdk/sdk/2.2.0/src/rp2_common/hardware_ticks/ticks.c.obj
                0x10001c44                tick_start
 .text.rom_func_lookup
                0x10001c54       0x10 CMakeFiles/Apolo.dir/C_/Users/renzo/.pico-sdk/sdk/2.2.0/src/rp2_common/pico_bootrom/bootrom.c.obj
                0x10001c54                rom_func_lookup
 .text.rom_data_lookup
                0x10001c64       0x10 CMakeFiles/Apolo.dir/C_/Users/renzo/.pico-sdk/sdk/2.2.0/src/rp2_common/pico_bootrom/bootrom.c.obj
                0x10001c64                rom_data_lookup
 .text.rom_funcs_lookup
                0x10001c74       0x44 CMakeFiles/Apolo.dir/C_/Users/renzo/.pico-sdk/sdk/2.2.0/src/rp2_common/pico_bootrom/bootrom.c.obj
                0x10001c74                rom_funcs_lookup
 .text.rom_reset_usb_boot_extra
                0x10001cb8       0x24 CMakeFiles/Apolo.dir/C_/Users/renzo/.pico-sdk/sdk/2.2.0/src/rp2_common/pico_bootrom/bootrom.c.obj
                0x10001cb8                rom_reset_usb_boot_extra
 .text.xosc_init
                0x10001cdc       0x28 CMakeFiles/Apolo.dir/C_/Users/renzo/.pico-sdk/sdk/2.2.0/src/rp2_common/hardware_xosc/xosc.c.obj
                0x10001cdc                xosc_init
 .text.first_per_core_initializer
                0x10001d04        0x4 CMakeFiles/Apolo.dir/C_/Users/renzo/.pico-sdk/sdk/2.2.0/src/rp2_common/pico_runtime/runtime.c.obj
 .text.hard_assertion_failure
                0x10001d08        0xc CMakeFiles/Apolo.dir/C_/Users/renzo/.pico-sdk/sdk/2.2.0/src/rp2_common/pico_runtime/runtime.c.obj
                0x10001d08                hard_assertion_failure
 .text.runtime_run_initializers
                0x10001d14       0x28 CMakeFiles/Apolo.dir/C_/Users/renzo/.pico-sdk/sdk/2.2.0/src/rp2_common/pico_runtime/runtime.c.obj
                0x10001d14                runtime_run_initializers
 .text.runtime_init_early_resets
                0x10001d3c       0x2c CMakeFiles/Apolo.dir/C_/Users/renzo/.pico-sdk/sdk/2.2.0/src/rp2_common/pico_runtime_init/runtime_init.c.obj
                0x10001d3c                runtime_init_early_resets
 .text.runtime_init_usb_power_down
                0x10001d68       0x1c CMakeFiles/Apolo.dir/C_/Users/renzo/.pico-sdk/sdk/2.2.0/src/rp2_common/pico_runtime_init/runtime_init.c.obj
                0x10001d68                runtime_init_usb_power_down
 .text.runtime_init_post_clock_resets
                0x10001d84       0x20 CMakeFiles/Apolo.dir/C_/Users/renzo/.pico-sdk/sdk/2.2.0/src/rp2_common/pico_runtime_init/runtime_init.c.obj
                0x10001d84                runtime_init_post_clock_resets
 .text.runtime_init_rp2040_gpio_ie_disable
                0x10001da4       0x14 CMakeFiles/Apolo.dir/C_/Users/renzo/.pico-sdk/sdk/2.2.0/src/rp2_common/pico_runtime_init/runtime_init.c.obj
                0x10001da4                runtime_init_rp2040_gpio_ie_disable
 .text.runtime_init_spin_locks_reset
                0x10001db8        0x8 CMakeFiles/Apolo.dir/C_/Users/renzo/.pico-sdk/sdk/2.2.0/src/rp2_common/pico_runtime_init/runtime_init.c.obj
                0x10001db8                runtime_init_spin_locks_reset
 .text.runtime_init_install_ram_vector_table
                0x10001dc0       0xb4 CMakeFiles/Apolo.dir/C_/Users/renzo/.pico-sdk/sdk/2.2.0/src/rp2_common/pico_runtime_init/runtime_init.c.obj
                0x10001dc0                runtime_init_install_ram_vector_table
 .text.runtime_init_clocks
                0x10001e74       0xd8 CMakeFiles/Apolo.dir/C_/Users/renzo/.pico-sdk/sdk/2.2.0/src/rp2_common/pico_runtime_init/runtime_init_clocks.c.obj
                0x10001e74                runtime_init_clocks
 .text          0x10001f4c       0x10 CMakeFiles/Apolo.dir/C_/Users/renzo/.pico-sdk/sdk/2.2.0/src/rp2_common/pico_bit_ops/bit_ops_aeabi.S.obj
 .text.__wrap___aeabi_idiv
                0x10001f5c       0x50 CMakeFiles/Apolo.dir/C_/Users/renzo/.pico-sdk/sdk/2.2.0/src/rp2_common/pico_divider/divider_hardware.S.obj
                0x10001f5c                __wrap___aeabi_idivmod
                0x10001f5c                divmod_s32s32
                0x10001f5c                div_s32s32
                0x10001f5c                __wrap___aeabi_idiv
                0x10001f64                divmod_s32s32_unsafe
                0x10001f90                divmod_s32s32_savestate
 .text.__wrap___aeabi_uidiv
                0x10001fac       0x4c CMakeFiles/Apolo.dir/C_/Users/renzo/.pico-sdk/sdk/2.2.0/src/rp2_common/pico_divider/divider_hardware.S.obj
                0x10001fac                __wrap___aeabi_uidiv
                0x10001fac                __wrap___aeabi_uidivmod
                0x10001fac                div_u32u32
                0x10001fac                divmod_u32u32
                0x10001fb4                divmod_u32u32_unsafe
                0x10001fdc                divmod_u32u32_savestate
 .text.__wrap___aeabi_ldiv
                0x10001ff8      0x424 CMakeFiles/Apolo.dir/C_/Users/renzo/.pico-sdk/sdk/2.2.0/src/rp2_common/pico_divider/divider_hardware.S.obj
                0x10001ff8                div_s64s64
                0x10001ff8                divmod_s64s64
                0x10001ff8                __wrap___aeabi_ldivmod
                0x10002028                divmod_u64u64
                0x10002028                div_u64u64
                0x10002028                __wrap___aeabi_uldivmod
                0x10002038                divmod_u64u64_savestate
                0x10002058                divmod_s64s64_unsafe
                0x100020e0                divmod_u64u64_unsafe
 .text.__wrap___aeabi_darithmetic
                0x1000241c       0x60 CMakeFiles/Apolo.dir/C_/Users/renzo/.pico-sdk/sdk/2.2.0/src/rp2_common/pico_double/double_aeabi_rp2040.S.obj
                0x1000241c                __wrap___aeabi_drsub
                0x10002422                __wrap___aeabi_dsub
                0x1000242c                __wrap___aeabi_dadd
                0x10002436                __wrap___aeabi_ddiv
                0x1000246a                __wrap___aeabi_dmul
 .text.__wrap___aeabi_cdcmple
                0x1000247c       0x6c CMakeFiles/Apolo.dir/C_/Users/renzo/.pico-sdk/sdk/2.2.0/src/rp2_common/pico_double/double_aeabi_rp2040.S.obj
                0x1000247c                __wrap___aeabi_cdrcmple
                0x1000248c                __wrap___aeabi_cdcmpeq
                0x1000248c                __wrap___aeabi_cdcmple
 .text.__wrap___aeabi_dcmplt
                0x100024e8        0xc CMakeFiles/Apolo.dir/C_/Users/renzo/.pico-sdk/sdk/2.2.0/src/rp2_common/pico_double/double_aeabi_rp2040.S.obj
                0x100024e8                __wrap___aeabi_dcmplt
 .text.__wrap___aeabi_dcmple
                0x100024f4       0x10 CMakeFiles/Apolo.dir/C_/Users/renzo/.pico-sdk/sdk/2.2.0/src/rp2_common/pico_double/double_aeabi_rp2040.S.obj
                0x100024f4                __wrap___aeabi_dcmple
 .text.__wrap___aeabi_dcmpge
                0x10002504       0x10 CMakeFiles/Apolo.dir/C_/Users/renzo/.pico-sdk/sdk/2.2.0/src/rp2_common/pico_double/double_aeabi_rp2040.S.obj
                0x10002504                __wrap___aeabi_dcmpge
 .text.__wrap___aeabi_dcmpgt
                0x10002514        0xa CMakeFiles/Apolo.dir/C_/Users/renzo/.pico-sdk/sdk/2.2.0/src/rp2_common/pico_double/double_aeabi_rp2040.S.obj
                0x10002514                __wrap___aeabi_dcmpgt
 .text.__wrap___aeabi_dcmpun
                0x1000251e       0x18 CMakeFiles/Apolo.dir/C_/Users/renzo/.pico-sdk/sdk/2.2.0/src/rp2_common/pico_double/double_aeabi_rp2040.S.obj
                0x1000251e                __wrap___aeabi_dcmpun
 *fill*         0x10002536        0x2 
 .text.__wrap___aeabi_i2d
                0x10002538       0x38 CMakeFiles/Apolo.dir/C_/Users/renzo/.pico-sdk/sdk/2.2.0/src/rp2_common/pico_double/double_aeabi_rp2040.S.obj
                0x10002538                uint2double
                0x10002538                __wrap___aeabi_ui2d
                0x10002540                int2double
                0x10002540                __wrap___aeabi_i2d
 .text.__wrap___aeabi_d2iz
                0x10002570       0x48 CMakeFiles/Apolo.dir/C_/Users/renzo/.pico-sdk/sdk/2.2.0/src/rp2_common/pico_double/double_aeabi_rp2040.S.obj
                0x10002570                double2int_z
                0x10002570                __wrap___aeabi_d2iz
 .text.__wrap___aeabi_d2uiz
                0x100025b8       0x10 CMakeFiles/Apolo.dir/C_/Users/renzo/.pico-sdk/sdk/2.2.0/src/rp2_common/pico_double/double_aeabi_rp2040.S.obj
                0x100025b8                double2uint
                0x100025b8                __wrap___aeabi_d2uiz
                0x100025b8                double2uint_z
 .text.missing_double_func_shim
                0x100025c8        0xc CMakeFiles/Apolo.dir/C_/Users/renzo/.pico-sdk/sdk/2.2.0/src/rp2_common/pico_double/double_init_rom_rp2040.c.obj
 .text.__aeabi_double_init
                0x100025d4       0xa0 CMakeFiles/Apolo.dir/C_/Users/renzo/.pico-sdk/sdk/2.2.0/src/rp2_common/pico_double/double_init_rom_rp2040.c.obj
                0x100025d4                __aeabi_double_init
 .text.double_table_shim_on_use_helper
                0x10002674       0x2c CMakeFiles/Apolo.dir/C_/Users/renzo/.pico-sdk/sdk/2.2.0/src/rp2_common/pico_double/double_v1_rom_shim_rp2040.S.obj
                0x10002674                double_table_shim_on_use_helper
 .text.__aeabi_lmul
                0x100026a0       0x32 CMakeFiles/Apolo.dir/C_/Users/renzo/.pico-sdk/sdk/2.2.0/src/rp2_common/pico_int64_ops/pico_int64_ops_aeabi.S.obj
                0x100026a0                __wrap___aeabi_lmul
 *fill*         0x100026d2        0x2 
 .text.__wrap___aeabi_farithmetic
                0x100026d4       0x48 CMakeFiles/Apolo.dir/C_/Users/renzo/.pico-sdk/sdk/2.2.0/src/rp2_common/pico_float/float_aeabi_rp2040.S.obj
                0x100026d4                __wrap___aeabi_frsub
                0x100026da                __wrap___aeabi_fsub
                0x100026e0                __wrap___aeabi_fadd
                0x100026e6                __wrap___aeabi_fdiv
                0x1000270e                __wrap___aeabi_fmul
 .text.__wrap___aeabi_cfcmple
                0x1000271c       0x50 CMakeFiles/Apolo.dir/C_/Users/renzo/.pico-sdk/sdk/2.2.0/src/rp2_common/pico_float/float_aeabi_rp2040.S.obj
                0x1000271c                __wrap___aeabi_cfrcmple
                0x10002728                __wrap___aeabi_cfcmple
                0x10002728                __wrap___aeabi_cfcmpeq
 .text.__wrap___aeabi_fcmplt
                0x1000276c        0xc CMakeFiles/Apolo.dir/C_/Users/renzo/.pico-sdk/sdk/2.2.0/src/rp2_common/pico_float/float_aeabi_rp2040.S.obj
                0x1000276c                __wrap___aeabi_fcmplt
 .text.__wrap___aeabi_ui2f
                0x10002778        0xa CMakeFiles/Apolo.dir/C_/Users/renzo/.pico-sdk/sdk/2.2.0/src/rp2_common/pico_float/float_aeabi_rp2040.S.obj
                0x10002778                __wrap___aeabi_ui2f
                0x10002778                uint2float
 *fill*         0x10002782        0x2 
 .text.__wrap___aeabi_i2f
                0x10002784       0x44 CMakeFiles/Apolo.dir/C_/Users/renzo/.pico-sdk/sdk/2.2.0/src/rp2_common/pico_float/float_aeabi_rp2040.S.obj
                0x10002784                __wrap___aeabi_i2f
                0x10002784                int2float
 .text.__wrap___aeabi_f2uiz
                0x100027c8        0xc CMakeFiles/Apolo.dir/C_/Users/renzo/.pico-sdk/sdk/2.2.0/src/rp2_common/pico_float/float_aeabi_rp2040.S.obj
                0x100027c8                float2uint_z
                0x100027c8                __wrap___aeabi_f2uiz
                0x100027c8                float2uint
 .text.__wrap___aeabi_f2d
                0x100027d4        0xc CMakeFiles/Apolo.dir/C_/Users/renzo/.pico-sdk/sdk/2.2.0/src/rp2_common/pico_float/float_aeabi_rp2040.S.obj
                0x100027d4                __wrap___aeabi_f2d
 .text.missing_float_func_shim
                0x100027e0        0xc CMakeFiles/Apolo.dir/C_/Users/renzo/.pico-sdk/sdk/2.2.0/src/rp2_common/pico_float/float_init_rom_rp2040.c.obj
 .text.__aeabi_float_init
                0x100027ec       0x5c CMakeFiles/Apolo.dir/C_/Users/renzo/.pico-sdk/sdk/2.2.0/src/rp2_common/pico_float/float_init_rom_rp2040.c.obj
                0x100027ec                __aeabi_float_init
 .text          0x10002848       0x10 CMakeFiles/Apolo.dir/C_/Users/renzo/.pico-sdk/sdk/2.2.0/src/rp2_common/pico_mem_ops/mem_ops_aeabi.S.obj
                0x10002848                __aeabi_mem_init
 .text.memset   0x10002858        0xc CMakeFiles/Apolo.dir/C_/Users/renzo/.pico-sdk/sdk/2.2.0/src/rp2_common/pico_mem_ops/mem_ops_aeabi.S.obj
                0x10002858                __wrap_memset
 .text.memcpy   0x10002864        0xc CMakeFiles/Apolo.dir/C_/Users/renzo/.pico-sdk/sdk/2.2.0/src/rp2_common/pico_mem_ops/mem_ops_aeabi.S.obj
                0x10002864                __wrap_memcpy
                0x10002864                __wrap___aeabi_memcpy
 .text._out_null
                0x10002870        0x4 CMakeFiles/Apolo.dir/C_/Users/renzo/.pico-sdk/sdk/2.2.0/src/rp2_common/pico_printf/printf.c.obj
 .text._out_rev
                0x10002874       0xac CMakeFiles/Apolo.dir/C_/Users/renzo/.pico-sdk/sdk/2.2.0/src/rp2_common/pico_printf/printf.c.obj
 .text._ntoa_format
                0x10002920      0x1cc CMakeFiles/Apolo.dir/C_/Users/renzo/.pico-sdk/sdk/2.2.0/src/rp2_common/pico_printf/printf.c.obj
 .text._out_char
                0x10002aec       0x10 CMakeFiles/Apolo.dir/C_/Users/renzo/.pico-sdk/sdk/2.2.0/src/rp2_common/pico_printf/printf.c.obj
 .text._out_fct
                0x10002afc       0x10 CMakeFiles/Apolo.dir/C_/Users/renzo/.pico-sdk/sdk/2.2.0/src/rp2_common/pico_printf/printf.c.obj
 .text._ftoa    0x10002b0c      0x4a8 CMakeFiles/Apolo.dir/C_/Users/renzo/.pico-sdk/sdk/2.2.0/src/rp2_common/pico_printf/printf.c.obj
 .text._etoa    0x10002fb4      0x57c CMakeFiles/Apolo.dir/C_/Users/renzo/.pico-sdk/sdk/2.2.0/src/rp2_common/pico_printf/printf.c.obj
 .text._vsnprintf
                0x10003530      0xbe0 CMakeFiles/Apolo.dir/C_/Users/renzo/.pico-sdk/sdk/2.2.0/src/rp2_common/pico_printf/printf.c.obj
 .text.vfctprintf
                0x10004110       0x24 CMakeFiles/Apolo.dir/C_/Users/renzo/.pico-sdk/sdk/2.2.0/src/rp2_common/pico_printf/printf.c.obj
                0x10004110                vfctprintf
 .text.weak_raw_vprintf
                0x10004134       0x30 CMakeFiles/Apolo.dir/C_/Users/renzo/.pico-sdk/sdk/2.2.0/src/rp2_common/pico_printf/printf.c.obj
                0x10004134                weak_raw_vprintf
 .text._exit    0x10004164        0x4 CMakeFiles/Apolo.dir/C_/Users/renzo/.pico-sdk/sdk/2.2.0/src/rp2_common/pico_clib_interface/newlib_interface.c.obj
                0x10004164                _exit
 .text.exit     0x10004168        0x8 CMakeFiles/Apolo.dir/C_/Users/renzo/.pico-sdk/sdk/2.2.0/src/rp2_common/pico_clib_interface/newlib_interface.c.obj
                0x10004168                exit
 .text.runtime_init
                0x10004170       0x2c CMakeFiles/Apolo.dir/C_/Users/renzo/.pico-sdk/sdk/2.2.0/src/rp2_common/pico_clib_interface/newlib_interface.c.obj
                0x10004170                runtime_init
 .text.stdio_out_chars_no_crlf
                0x1000419c       0x10 CMakeFiles/Apolo.dir/C_/Users/renzo/.pico-sdk/sdk/2.2.0/src/rp2_common/pico_stdio/stdio.c.obj
 .text.stdio_out_chars_crlf
                0x100041ac       0xb0 CMakeFiles/Apolo.dir/C_/Users/renzo/.pico-sdk/sdk/2.2.0/src/rp2_common/pico_stdio/stdio.c.obj
 .text.stdio_buffered_printer
                0x1000425c       0x64 CMakeFiles/Apolo.dir/C_/Users/renzo/.pico-sdk/sdk/2.2.0/src/rp2_common/pico_stdio/stdio.c.obj
 .text.stdio_put_string
                0x100042c0       0xfc CMakeFiles/Apolo.dir/C_/Users/renzo/.pico-sdk/sdk/2.2.0/src/rp2_common/pico_stdio/stdio.c.obj
                0x100042c0                stdio_put_string
 .text.stdio_set_driver_enabled
                0x100043bc       0x30 CMakeFiles/Apolo.dir/C_/Users/renzo/.pico-sdk/sdk/2.2.0/src/rp2_common/pico_stdio/stdio.c.obj
                0x100043bc                stdio_set_driver_enabled
 .text.stdio_init_all
                0x100043ec       0x10 CMakeFiles/Apolo.dir/C_/Users/renzo/.pico-sdk/sdk/2.2.0/src/rp2_common/pico_stdio/stdio.c.obj
                0x100043ec                stdio_init_all
 .text.__wrap_putchar
                0x100043fc       0x94 CMakeFiles/Apolo.dir/C_/Users/renzo/.pico-sdk/sdk/2.2.0/src/rp2_common/pico_stdio/stdio.c.obj
                0x100043fc                __wrap_putchar
                0x100043fc                stdio_putchar
 .text.__wrap_puts
                0x10004490       0x3c CMakeFiles/Apolo.dir/C_/Users/renzo/.pico-sdk/sdk/2.2.0/src/rp2_common/pico_stdio/stdio.c.obj
                0x10004490                stdio_puts
                0x10004490                __wrap_puts
 .text.__wrap_vprintf
                0x100044cc       0xcc CMakeFiles/Apolo.dir/C_/Users/renzo/.pico-sdk/sdk/2.2.0/src/rp2_common/pico_stdio/stdio.c.obj
                0x100044cc                stdio_vprintf
                0x100044cc                __wrap_vprintf
 .text.__wrap_printf
                0x10004598       0x18 CMakeFiles/Apolo.dir/C_/Users/renzo/.pico-sdk/sdk/2.2.0/src/rp2_common/pico_stdio/stdio.c.obj
                0x10004598                __wrap_printf
                0x10004598                stdio_printf
 .text.stdio_uart_out_chars
                0x100045b0       0x4c CMakeFiles/Apolo.dir/C_/Users/renzo/.pico-sdk/sdk/2.2.0/src/rp2_common/pico_stdio_uart/stdio_uart.c.obj
 .text.stdio_uart_in_chars
                0x100045fc       0x90 CMakeFiles/Apolo.dir/C_/Users/renzo/.pico-sdk/sdk/2.2.0/src/rp2_common/pico_stdio_uart/stdio_uart.c.obj
                0x100045fc                stdio_uart_in_chars
 .text.on_uart_rx
                0x1000468c       0x28 CMakeFiles/Apolo.dir/C_/Users/renzo/.pico-sdk/sdk/2.2.0/src/rp2_common/pico_stdio_uart/stdio_uart.c.obj
 .text.stdio_uart_out_flush
                0x100046b4       0x14 CMakeFiles/Apolo.dir/C_/Users/renzo/.pico-sdk/sdk/2.2.0/src/rp2_common/pico_stdio_uart/stdio_uart.c.obj
 .text.stdio_uart_set_chars_available_callback
                0x100046c8       0x84 CMakeFiles/Apolo.dir/C_/Users/renzo/.pico-sdk/sdk/2.2.0/src/rp2_common/pico_stdio_uart/stdio_uart.c.obj
 .text.stdio_uart_init
                0x1000474c       0x50 CMakeFiles/Apolo.dir/C_/Users/renzo/.pico-sdk/sdk/2.2.0/src/rp2_common/pico_stdio_uart/stdio_uart.c.obj
                0x1000474c                stdio_uart_init
 .text.resetd_init
                0x1000479c        0x4 CMakeFiles/Apolo.dir/C_/Users/renzo/.pico-sdk/sdk/2.2.0/src/rp2_common/pico_stdio_usb/reset_interface.c.obj
 .text.resetd_reset
                0x100047a0        0xc CMakeFiles/Apolo.dir/C_/Users/renzo/.pico-sdk/sdk/2.2.0/src/rp2_common/pico_stdio_usb/reset_interface.c.obj
 .text.resetd_open
                0x100047ac       0x28 CMakeFiles/Apolo.dir/C_/Users/renzo/.pico-sdk/sdk/2.2.0/src/rp2_common/pico_stdio_usb/reset_interface.c.obj
 .text.resetd_xfer_cb
                0x100047d4        0x4 CMakeFiles/Apolo.dir/C_/Users/renzo/.pico-sdk/sdk/2.2.0/src/rp2_common/pico_stdio_usb/reset_interface.c.obj
 .text.resetd_control_xfer_cb
                0x100047d8       0x54 CMakeFiles/Apolo.dir/C_/Users/renzo/.pico-sdk/sdk/2.2.0/src/rp2_common/pico_stdio_usb/reset_interface.c.obj
 .text.tud_descriptor_bos_cb
                0x1000482c        0x8 CMakeFiles/Apolo.dir/C_/Users/renzo/.pico-sdk/sdk/2.2.0/src/rp2_common/pico_stdio_usb/reset_interface.c.obj
                0x1000482c                tud_descriptor_bos_cb
 .text.tud_vendor_control_xfer_cb
                0x10004834       0x34 CMakeFiles/Apolo.dir/C_/Users/renzo/.pico-sdk/sdk/2.2.0/src/rp2_common/pico_stdio_usb/reset_interface.c.obj
                0x10004834                tud_vendor_control_xfer_cb
 .text.usbd_app_driver_get_cb
                0x10004868        0xc CMakeFiles/Apolo.dir/C_/Users/renzo/.pico-sdk/sdk/2.2.0/src/rp2_common/pico_stdio_usb/reset_interface.c.obj
                0x10004868                usbd_app_driver_get_cb
 .text.tud_cdc_line_coding_cb
                0x10004874       0x2c CMakeFiles/Apolo.dir/C_/Users/renzo/.pico-sdk/sdk/2.2.0/src/rp2_common/pico_stdio_usb/reset_interface.c.obj
                0x10004874                tud_cdc_line_coding_cb
 .text.stdio_usb_set_chars_available_callback
                0x100048a0       0x14 CMakeFiles/Apolo.dir/C_/Users/renzo/.pico-sdk/sdk/2.2.0/src/rp2_common/pico_stdio_usb/stdio_usb.c.obj
                0x100048a0                stdio_usb_set_chars_available_callback
 .text.usb_irq  0x100048b4       0x10 CMakeFiles/Apolo.dir/C_/Users/renzo/.pico-sdk/sdk/2.2.0/src/rp2_common/pico_stdio_usb/stdio_usb.c.obj
 .text.timer_task
                0x100048c4       0x64 CMakeFiles/Apolo.dir/C_/Users/renzo/.pico-sdk/sdk/2.2.0/src/rp2_common/pico_stdio_usb/stdio_usb.c.obj
 .text.stdio_usb_in_chars
                0x10004928       0x8c CMakeFiles/Apolo.dir/C_/Users/renzo/.pico-sdk/sdk/2.2.0/src/rp2_common/pico_stdio_usb/stdio_usb.c.obj
                0x10004928                stdio_usb_in_chars
 .text.stdio_usb_out_flush
                0x100049b4       0x4c CMakeFiles/Apolo.dir/C_/Users/renzo/.pico-sdk/sdk/2.2.0/src/rp2_common/pico_stdio_usb/stdio_usb.c.obj
 .text.stdio_usb_out_chars
                0x10004a00      0x100 CMakeFiles/Apolo.dir/C_/Users/renzo/.pico-sdk/sdk/2.2.0/src/rp2_common/pico_stdio_usb/stdio_usb.c.obj
 .text.low_priority_worker_irq
                0x10004b00       0xc8 CMakeFiles/Apolo.dir/C_/Users/renzo/.pico-sdk/sdk/2.2.0/src/rp2_common/pico_stdio_usb/stdio_usb.c.obj
 .text.stdio_usb_init
                0x10004bc8       0xe8 CMakeFiles/Apolo.dir/C_/Users/renzo/.pico-sdk/sdk/2.2.0/src/rp2_common/pico_stdio_usb/stdio_usb.c.obj
                0x10004bc8                stdio_usb_init
 .text.tud_descriptor_device_cb
                0x10004cb0        0x8 CMakeFiles/Apolo.dir/C_/Users/renzo/.pico-sdk/sdk/2.2.0/src/rp2_common/pico_stdio_usb/stdio_usb_descriptors.c.obj
                0x10004cb0                tud_descriptor_device_cb
 .text.tud_descriptor_configuration_cb
                0x10004cb8        0x8 CMakeFiles/Apolo.dir/C_/Users/renzo/.pico-sdk/sdk/2.2.0/src/rp2_common/pico_stdio_usb/stdio_usb_descriptors.c.obj
                0x10004cb8                tud_descriptor_configuration_cb
 .text.tud_descriptor_string_cb
                0x10004cc0       0x78 CMakeFiles/Apolo.dir/C_/Users/renzo/.pico-sdk/sdk/2.2.0/src/rp2_common/pico_stdio_usb/stdio_usb_descriptors.c.obj
                0x10004cc0                tud_descriptor_string_cb
 .text.startup._retrieve_unique_id_on_boot
                0x10004d38       0x10 CMakeFiles/Apolo.dir/C_/Users/renzo/.pico-sdk/sdk/2.2.0/src/rp2_common/pico_unique_id/unique_id.c.obj
 .text.pico_get_unique_board_id_string
                0x10004d48      0x1a8 CMakeFiles/Apolo.dir/C_/Users/renzo/.pico-sdk/sdk/2.2.0/src/rp2_common/pico_unique_id/unique_id.c.obj
                0x10004d48                pico_get_unique_board_id_string
 .text.flash_get_unique_id
                0x10004ef0       0x3c CMakeFiles/Apolo.dir/C_/Users/renzo/.pico-sdk/sdk/2.2.0/src/rp2_common/hardware_flash/flash.c.obj
                0x10004ef0                flash_get_unique_id
 .text.dcd_init
                0x10004f2c       0x90 CMakeFiles/Apolo.dir/C_/Users/renzo/.pico-sdk/sdk/2.2.0/lib/tinyusb/src/portable/raspberrypi/rp2040/dcd_rp2040.c.obj
                0x10004f2c                dcd_init
 .text.dcd_int_enable
                0x10004fbc        0xc CMakeFiles/Apolo.dir/C_/Users/renzo/.pico-sdk/sdk/2.2.0/lib/tinyusb/src/portable/raspberrypi/rp2040/dcd_rp2040.c.obj
                0x10004fbc                dcd_int_enable
 .text.dcd_set_address
                0x10004fc8       0x14 CMakeFiles/Apolo.dir/C_/Users/renzo/.pico-sdk/sdk/2.2.0/lib/tinyusb/src/portable/raspberrypi/rp2040/dcd_rp2040.c.obj
                0x10004fc8                dcd_set_address
 .text.dcd_sof_enable
                0x10004fdc       0x1c CMakeFiles/Apolo.dir/C_/Users/renzo/.pico-sdk/sdk/2.2.0/lib/tinyusb/src/portable/raspberrypi/rp2040/dcd_rp2040.c.obj
                0x10004fdc                dcd_sof_enable
 .text.dcd_edpt0_status_complete
                0x10004ff8       0x1c CMakeFiles/Apolo.dir/C_/Users/renzo/.pico-sdk/sdk/2.2.0/lib/tinyusb/src/portable/raspberrypi/rp2040/dcd_rp2040.c.obj
                0x10004ff8                dcd_edpt0_status_complete
 .text.dcd_edpt_open
                0x10005014      0x114 CMakeFiles/Apolo.dir/C_/Users/renzo/.pico-sdk/sdk/2.2.0/lib/tinyusb/src/portable/raspberrypi/rp2040/dcd_rp2040.c.obj
                0x10005014                dcd_edpt_open
 .text.dcd_edpt_close_all
                0x10005128        0x8 CMakeFiles/Apolo.dir/C_/Users/renzo/.pico-sdk/sdk/2.2.0/lib/tinyusb/src/portable/raspberrypi/rp2040/dcd_rp2040.c.obj
                0x10005128                dcd_edpt_close_all
 .text.dcd_edpt_xfer
                0x10005130       0x24 CMakeFiles/Apolo.dir/C_/Users/renzo/.pico-sdk/sdk/2.2.0/lib/tinyusb/src/portable/raspberrypi/rp2040/dcd_rp2040.c.obj
                0x10005130                dcd_edpt_xfer
 .text.dcd_edpt_stall
                0x10005154       0x3c CMakeFiles/Apolo.dir/C_/Users/renzo/.pico-sdk/sdk/2.2.0/lib/tinyusb/src/portable/raspberrypi/rp2040/dcd_rp2040.c.obj
                0x10005154                dcd_edpt_stall
 .text.dcd_edpt_clear_stall
                0x10005190       0x30 CMakeFiles/Apolo.dir/C_/Users/renzo/.pico-sdk/sdk/2.2.0/lib/tinyusb/src/portable/raspberrypi/rp2040/dcd_rp2040.c.obj
                0x10005190                dcd_edpt_clear_stall
 .text.rp2040_usb_init
                0x100051c0       0x40 CMakeFiles/Apolo.dir/C_/Users/renzo/.pico-sdk/sdk/2.2.0/lib/tinyusb/src/portable/raspberrypi/rp2040/rp2040_usb.c.obj
                0x100051c0                rp2040_usb_init
 .text.hw_endpoint_xfer_start
                0x10005200       0x40 CMakeFiles/Apolo.dir/C_/Users/renzo/.pico-sdk/sdk/2.2.0/lib/tinyusb/src/portable/raspberrypi/rp2040/rp2040_usb.c.obj
                0x10005200                hw_endpoint_xfer_start
 .text.tud_event_hook_cb
                0x10005240        0x4 CMakeFiles/Apolo.dir/C_/Users/renzo/.pico-sdk/sdk/2.2.0/lib/tinyusb/src/device/usbd.c.obj
                0x10005240                tud_event_hook_cb
 .text.tud_sof_cb
                0x10005244        0x4 CMakeFiles/Apolo.dir/C_/Users/renzo/.pico-sdk/sdk/2.2.0/lib/tinyusb/src/device/usbd.c.obj
                0x10005244                tud_sof_cb
 .text.tud_descriptor_device_qualifier_cb
                0x10005248        0x4 CMakeFiles/Apolo.dir/C_/Users/renzo/.pico-sdk/sdk/2.2.0/lib/tinyusb/src/device/usbd.c.obj
                0x10005248                tud_descriptor_device_qualifier_cb
 .text.tud_descriptor_other_speed_configuration_cb
                0x1000524c        0x4 CMakeFiles/Apolo.dir/C_/Users/renzo/.pico-sdk/sdk/2.2.0/lib/tinyusb/src/device/usbd.c.obj
                0x1000524c                tud_descriptor_other_speed_configuration_cb
 .text.tud_mount_cb
                0x10005250        0x4 CMakeFiles/Apolo.dir/C_/Users/renzo/.pico-sdk/sdk/2.2.0/lib/tinyusb/src/device/usbd.c.obj
                0x10005250                tud_mount_cb
 .text.tud_umount_cb
                0x10005254        0x4 CMakeFiles/Apolo.dir/C_/Users/renzo/.pico-sdk/sdk/2.2.0/lib/tinyusb/src/device/usbd.c.obj
                0x10005254                tud_umount_cb
 .text.tud_suspend_cb
                0x10005258        0x4 CMakeFiles/Apolo.dir/C_/Users/renzo/.pico-sdk/sdk/2.2.0/lib/tinyusb/src/device/usbd.c.obj
                0x10005258                tud_suspend_cb
 .text.tud_resume_cb
                0x1000525c        0x4 CMakeFiles/Apolo.dir/C_/Users/renzo/.pico-sdk/sdk/2.2.0/lib/tinyusb/src/device/usbd.c.obj
                0x1000525c                tud_resume_cb
 .text.tud_mounted
                0x10005260       0x10 CMakeFiles/Apolo.dir/C_/Users/renzo/.pico-sdk/sdk/2.2.0/lib/tinyusb/src/device/usbd.c.obj
                0x10005260                tud_mounted
 .text.tud_suspended
                0x10005270       0x10 CMakeFiles/Apolo.dir/C_/Users/renzo/.pico-sdk/sdk/2.2.0/lib/tinyusb/src/device/usbd.c.obj
                0x10005270                tud_suspended
 .text.tud_rhport_init
                0x10005280       0xf4 CMakeFiles/Apolo.dir/C_/Users/renzo/.pico-sdk/sdk/2.2.0/lib/tinyusb/src/device/usbd.c.obj
                0x10005280                tud_rhport_init
 .text.tud_task_ext
                0x10005374      0x800 CMakeFiles/Apolo.dir/C_/Users/renzo/.pico-sdk/sdk/2.2.0/lib/tinyusb/src/device/usbd.c.obj
                0x10005374                tud_task_ext
 .text.usbd_open_edpt_pair
                0x10005b74       0x9c CMakeFiles/Apolo.dir/C_/Users/renzo/.pico-sdk/sdk/2.2.0/lib/tinyusb/src/device/usbd.c.obj
                0x10005b74                usbd_open_edpt_pair
 .text.usbd_edpt_open
                0x10005c10       0x34 CMakeFiles/Apolo.dir/C_/Users/renzo/.pico-sdk/sdk/2.2.0/lib/tinyusb/src/device/usbd.c.obj
                0x10005c10                usbd_edpt_open
 .text.usbd_edpt_claim
                0x10005c44       0x28 CMakeFiles/Apolo.dir/C_/Users/renzo/.pico-sdk/sdk/2.2.0/lib/tinyusb/src/device/usbd.c.obj
                0x10005c44                usbd_edpt_claim
 .text.usbd_edpt_release
                0x10005c6c       0x28 CMakeFiles/Apolo.dir/C_/Users/renzo/.pico-sdk/sdk/2.2.0/lib/tinyusb/src/device/usbd.c.obj
                0x10005c6c                usbd_edpt_release
 .text.usbd_edpt_xfer
                0x10005c94       0x4c CMakeFiles/Apolo.dir/C_/Users/renzo/.pico-sdk/sdk/2.2.0/lib/tinyusb/src/device/usbd.c.obj
                0x10005c94                usbd_edpt_xfer
 .text.tud_control_status
                0x10005ce0       0x2c CMakeFiles/Apolo.dir/C_/Users/renzo/.pico-sdk/sdk/2.2.0/lib/tinyusb/src/device/usbd_control.c.obj
                0x10005ce0                tud_control_status
 .text.tud_control_xfer
                0x10005d0c       0xa8 CMakeFiles/Apolo.dir/C_/Users/renzo/.pico-sdk/sdk/2.2.0/lib/tinyusb/src/device/usbd_control.c.obj
                0x10005d0c                tud_control_xfer
 .text.usbd_control_reset
                0x10005db4       0x14 CMakeFiles/Apolo.dir/C_/Users/renzo/.pico-sdk/sdk/2.2.0/lib/tinyusb/src/device/usbd_control.c.obj
                0x10005db4                usbd_control_reset
 .text.usbd_control_set_complete_callback
                0x10005dc8        0xc CMakeFiles/Apolo.dir/C_/Users/renzo/.pico-sdk/sdk/2.2.0/lib/tinyusb/src/device/usbd_control.c.obj
                0x10005dc8                usbd_control_set_complete_callback
 .text.usbd_control_set_request
                0x10005dd4       0x1c CMakeFiles/Apolo.dir/C_/Users/renzo/.pico-sdk/sdk/2.2.0/lib/tinyusb/src/device/usbd_control.c.obj
                0x10005dd4                usbd_control_set_request
 .text.usbd_control_xfer_cb
                0x10005df0       0xec CMakeFiles/Apolo.dir/C_/Users/renzo/.pico-sdk/sdk/2.2.0/lib/tinyusb/src/device/usbd_control.c.obj
                0x10005df0                usbd_control_xfer_cb
 .text._prep_out_transaction.isra.0
                0x10005edc       0x6c CMakeFiles/Apolo.dir/C_/Users/renzo/.pico-sdk/sdk/2.2.0/lib/tinyusb/src/class/cdc/cdc_device.c.obj
 .text.tud_cdc_n_connected
                0x10005f48       0x2c CMakeFiles/Apolo.dir/C_/Users/renzo/.pico-sdk/sdk/2.2.0/lib/tinyusb/src/class/cdc/cdc_device.c.obj
                0x10005f48                tud_cdc_n_connected
 .text.tud_cdc_n_available
                0x10005f74       0x14 CMakeFiles/Apolo.dir/C_/Users/renzo/.pico-sdk/sdk/2.2.0/lib/tinyusb/src/class/cdc/cdc_device.c.obj
                0x10005f74                tud_cdc_n_available
 .text.tud_cdc_n_read
                0x10005f88       0x88 CMakeFiles/Apolo.dir/C_/Users/renzo/.pico-sdk/sdk/2.2.0/lib/tinyusb/src/class/cdc/cdc_device.c.obj
                0x10005f88                tud_cdc_n_read
 .text.tud_cdc_n_write_flush
                0x10006010       0x74 CMakeFiles/Apolo.dir/C_/Users/renzo/.pico-sdk/sdk/2.2.0/lib/tinyusb/src/class/cdc/cdc_device.c.obj
                0x10006010                tud_cdc_n_write_flush
 .text.tud_cdc_n_write
                0x10006084       0x40 CMakeFiles/Apolo.dir/C_/Users/renzo/.pico-sdk/sdk/2.2.0/lib/tinyusb/src/class/cdc/cdc_device.c.obj
                0x10006084                tud_cdc_n_write
 .text.tud_cdc_n_write_available
                0x100060c4       0x14 CMakeFiles/Apolo.dir/C_/Users/renzo/.pico-sdk/sdk/2.2.0/lib/tinyusb/src/class/cdc/cdc_device.c.obj
                0x100060c4                tud_cdc_n_write_available
 .text.cdcd_init
                0x100060d8       0x70 CMakeFiles/Apolo.dir/C_/Users/renzo/.pico-sdk/sdk/2.2.0/lib/tinyusb/src/class/cdc/cdc_device.c.obj
                0x100060d8                cdcd_init
 .text.cdcd_deinit
                0x10006148       0x30 CMakeFiles/Apolo.dir/C_/Users/renzo/.pico-sdk/sdk/2.2.0/lib/tinyusb/src/class/cdc/cdc_device.c.obj
                0x10006148                cdcd_deinit
 .text.cdcd_reset
                0x10006178       0x4c CMakeFiles/Apolo.dir/C_/Users/renzo/.pico-sdk/sdk/2.2.0/lib/tinyusb/src/class/cdc/cdc_device.c.obj
                0x10006178                cdcd_reset
 .text.cdcd_open
                0x100061c4       0xa4 CMakeFiles/Apolo.dir/C_/Users/renzo/.pico-sdk/sdk/2.2.0/lib/tinyusb/src/class/cdc/cdc_device.c.obj
                0x100061c4                cdcd_open
 .text.cdcd_control_xfer_cb
                0x10006268       0xe8 CMakeFiles/Apolo.dir/C_/Users/renzo/.pico-sdk/sdk/2.2.0/lib/tinyusb/src/class/cdc/cdc_device.c.obj
                0x10006268                cdcd_control_xfer_cb
 .text.cdcd_xfer_cb
                0x10006350      0x100 CMakeFiles/Apolo.dir/C_/Users/renzo/.pico-sdk/sdk/2.2.0/lib/tinyusb/src/class/cdc/cdc_device.c.obj
                0x10006350                cdcd_xfer_cb
 .text.vendord_init
                0x10006450       0x5c CMakeFiles/Apolo.dir/C_/Users/renzo/.pico-sdk/sdk/2.2.0/lib/tinyusb/src/class/vendor/vendor_device.c.obj
                0x10006450                vendord_init
 .text.vendord_deinit
                0x100064ac       0x1c CMakeFiles/Apolo.dir/C_/Users/renzo/.pico-sdk/sdk/2.2.0/lib/tinyusb/src/class/vendor/vendor_device.c.obj
                0x100064ac                vendord_deinit
 .text.vendord_reset
                0x100064c8       0x28 CMakeFiles/Apolo.dir/C_/Users/renzo/.pico-sdk/sdk/2.2.0/lib/tinyusb/src/class/vendor/vendor_device.c.obj
                0x100064c8                vendord_reset
 .text.vendord_open
                0x100064f0      0x120 CMakeFiles/Apolo.dir/C_/Users/renzo/.pico-sdk/sdk/2.2.0/lib/tinyusb/src/class/vendor/vendor_device.c.obj
                0x100064f0                vendord_open
 .text.vendord_xfer_cb
                0x10006610       0x9c CMakeFiles/Apolo.dir/C_/Users/renzo/.pico-sdk/sdk/2.2.0/lib/tinyusb/src/class/vendor/vendor_device.c.obj
                0x10006610                vendord_xfer_cb
 .text.tusb_rhport_init
                0x100066ac       0x4c CMakeFiles/Apolo.dir/C_/Users/renzo/.pico-sdk/sdk/2.2.0/lib/tinyusb/src/tusb.c.obj
                0x100066ac                tusb_rhport_init
 .text.tu_edpt_claim
                0x100066f8       0x50 CMakeFiles/Apolo.dir/C_/Users/renzo/.pico-sdk/sdk/2.2.0/lib/tinyusb/src/tusb.c.obj
                0x100066f8                tu_edpt_claim
 .text.tu_edpt_release
                0x10006748       0x38 CMakeFiles/Apolo.dir/C_/Users/renzo/.pico-sdk/sdk/2.2.0/lib/tinyusb/src/tusb.c.obj
                0x10006748                tu_edpt_release
 .text.tu_edpt_validate
                0x10006780       0x7c CMakeFiles/Apolo.dir/C_/Users/renzo/.pico-sdk/sdk/2.2.0/lib/tinyusb/src/tusb.c.obj
                0x10006780                tu_edpt_validate
 .text.tu_edpt_bind_driver
                0x100067fc       0x34 CMakeFiles/Apolo.dir/C_/Users/renzo/.pico-sdk/sdk/2.2.0/lib/tinyusb/src/tusb.c.obj
                0x100067fc                tu_edpt_bind_driver
 .text.tu_edpt_stream_init
                0x10006830       0x6c CMakeFiles/Apolo.dir/C_/Users/renzo/.pico-sdk/sdk/2.2.0/lib/tinyusb/src/tusb.c.obj
                0x10006830                tu_edpt_stream_init
 .text.tu_edpt_stream_deinit
                0x1000689c        0x4 CMakeFiles/Apolo.dir/C_/Users/renzo/.pico-sdk/sdk/2.2.0/lib/tinyusb/src/tusb.c.obj
                0x1000689c                tu_edpt_stream_deinit
 .text.tu_edpt_stream_write_zlp_if_needed
                0x100068a0       0x68 CMakeFiles/Apolo.dir/C_/Users/renzo/.pico-sdk/sdk/2.2.0/lib/tinyusb/src/tusb.c.obj
                0x100068a0                tu_edpt_stream_write_zlp_if_needed
 .text.tu_edpt_stream_write_xfer
                0x10006908       0x68 CMakeFiles/Apolo.dir/C_/Users/renzo/.pico-sdk/sdk/2.2.0/lib/tinyusb/src/tusb.c.obj
                0x10006908                tu_edpt_stream_write_xfer
 .text.tu_edpt_stream_read_xfer
                0x10006970       0xd8 CMakeFiles/Apolo.dir/C_/Users/renzo/.pico-sdk/sdk/2.2.0/lib/tinyusb/src/tusb.c.obj
                0x10006970                tu_edpt_stream_read_xfer
 .text.tu_fifo_config
                0x10006a48       0x6c CMakeFiles/Apolo.dir/C_/Users/renzo/.pico-sdk/sdk/2.2.0/lib/tinyusb/src/common/tusb_fifo.c.obj
                0x10006a48                tu_fifo_config
 .text.tu_fifo_count
                0x10006ab4       0x2c CMakeFiles/Apolo.dir/C_/Users/renzo/.pico-sdk/sdk/2.2.0/lib/tinyusb/src/common/tusb_fifo.c.obj
                0x10006ab4                tu_fifo_count
 .text.tu_fifo_empty
                0x10006ae0       0x10 CMakeFiles/Apolo.dir/C_/Users/renzo/.pico-sdk/sdk/2.2.0/lib/tinyusb/src/common/tusb_fifo.c.obj
                0x10006ae0                tu_fifo_empty
 .text.tu_fifo_remaining
                0x10006af0       0x2c CMakeFiles/Apolo.dir/C_/Users/renzo/.pico-sdk/sdk/2.2.0/lib/tinyusb/src/common/tusb_fifo.c.obj
                0x10006af0                tu_fifo_remaining
 .text.tu_fifo_read
                0x10006b1c       0x9c CMakeFiles/Apolo.dir/C_/Users/renzo/.pico-sdk/sdk/2.2.0/lib/tinyusb/src/common/tusb_fifo.c.obj
                0x10006b1c                tu_fifo_read
 .text.tu_fifo_read_n
                0x10006bb8       0xe8 CMakeFiles/Apolo.dir/C_/Users/renzo/.pico-sdk/sdk/2.2.0/lib/tinyusb/src/common/tusb_fifo.c.obj
                0x10006bb8                tu_fifo_read_n
 .text.tu_fifo_write
                0x10006ca0       0xa4 CMakeFiles/Apolo.dir/C_/Users/renzo/.pico-sdk/sdk/2.2.0/lib/tinyusb/src/common/tusb_fifo.c.obj
                0x10006ca0                tu_fifo_write
 .text.tu_fifo_write_n
                0x10006d44      0x178 CMakeFiles/Apolo.dir/C_/Users/renzo/.pico-sdk/sdk/2.2.0/lib/tinyusb/src/common/tusb_fifo.c.obj
                0x10006d44                tu_fifo_write_n
 .text.tu_fifo_clear
                0x10006ebc       0x40 CMakeFiles/Apolo.dir/C_/Users/renzo/.pico-sdk/sdk/2.2.0/lib/tinyusb/src/common/tusb_fifo.c.obj
                0x10006ebc                tu_fifo_clear
 .text.tu_fifo_set_overwritable
                0x10006efc       0x48 CMakeFiles/Apolo.dir/C_/Users/renzo/.pico-sdk/sdk/2.2.0/lib/tinyusb/src/common/tusb_fifo.c.obj
                0x10006efc                tu_fifo_set_overwritable
 .text.i2c_read_blocking_internal.constprop.0
                0x10006f44       0x98 CMakeFiles/Apolo.dir/C_/Users/renzo/.pico-sdk/sdk/2.2.0/src/rp2_common/hardware_i2c/i2c.c.obj
 .text.i2c_write_blocking_internal.constprop.0
                0x10006fdc       0xf8 CMakeFiles/Apolo.dir/C_/Users/renzo/.pico-sdk/sdk/2.2.0/src/rp2_common/hardware_i2c/i2c.c.obj
 .text.i2c_set_baudrate
                0x100070d4       0xc0 CMakeFiles/Apolo.dir/C_/Users/renzo/.pico-sdk/sdk/2.2.0/src/rp2_common/hardware_i2c/i2c.c.obj
                0x100070d4                i2c_set_baudrate
 .text.i2c_init
                0x10007194       0x50 CMakeFiles/Apolo.dir/C_/Users/renzo/.pico-sdk/sdk/2.2.0/src/rp2_common/hardware_i2c/i2c.c.obj
                0x10007194                i2c_init
 .text.i2c_write_blocking
                0x100071e4       0x14 CMakeFiles/Apolo.dir/C_/Users/renzo/.pico-sdk/sdk/2.2.0/src/rp2_common/hardware_i2c/i2c.c.obj
                0x100071e4                i2c_write_blocking
 .text.i2c_read_blocking
                0x100071f8       0x14 CMakeFiles/Apolo.dir/C_/Users/renzo/.pico-sdk/sdk/2.2.0/src/rp2_common/hardware_i2c/i2c.c.obj
                0x100071f8                i2c_read_blocking
 .text.strlen   0x1000720c       0x5c C:/Users/renzo/.pico-sdk/toolchain/14_2_Rel1/bin/../lib/gcc/arm-none-eabi/14.2.1/thumb/v6-m/nofp\libg.a(libc_a-strlen-stub.o)
                0x1000720c                strlen
 *(.fini)
 .fini          0x10007268        0x4 C:/Users/renzo/.pico-sdk/toolchain/14_2_Rel1/bin/../lib/gcc/arm-none-eabi/14.2.1/thumb/v6-m/nofp/crti.o
                0x10007268                _fini
 *fill*         0x1000726c        0x4 
 .fini.__stub   0x10007270       0xc0 linker stubs
 *crtbegin.o(.ctors)
 *crtbegin?.o(.ctors)
 *(EXCLUDE_FILE(*crtend.o *crtend?.o) .ctors)
 *(SORT_BY_NAME(.ctors.*))
 *(.ctors)
 *crtbegin.o(.dtors)
 *crtbegin?.o(.dtors)
 *(EXCLUDE_FILE(*crtend.o *crtend?.o) .dtors)
 *(SORT_BY_NAME(.dtors.*))
 *(.dtors)
                0x10007330                        . = ALIGN (0x4)
                0x10007330                        PROVIDE (__preinit_array_start = .)
 *(SORT_BY_NAME(.preinit_array.*))
 .preinit_array.00100
                0x10007330        0x4 CMakeFiles/Apolo.dir/C_/Users/renzo/.pico-sdk/sdk/2.2.0/src/rp2_common/pico_runtime_init/runtime_init.c.obj
                0x10007330                __pre_init_runtime_init_early_resets
 .preinit_array.00101
                0x10007334        0x4 CMakeFiles/Apolo.dir/C_/Users/renzo/.pico-sdk/sdk/2.2.0/src/rp2_common/pico_runtime_init/runtime_init.c.obj
                0x10007334                __pre_init_runtime_init_usb_power_down
 .preinit_array.00275
                0x10007338        0x4 CMakeFiles/Apolo.dir/C_/Users/renzo/.pico-sdk/sdk/2.2.0/src/rp2_common/pico_bit_ops/bit_ops_aeabi.S.obj
 .preinit_array.00300
                0x1000733c        0x4 CMakeFiles/Apolo.dir/C_/Users/renzo/.pico-sdk/sdk/2.2.0/src/rp2_common/pico_mem_ops/mem_ops_aeabi.S.obj
 .preinit_array.00350
                0x10007340        0x4 CMakeFiles/Apolo.dir/C_/Users/renzo/.pico-sdk/sdk/2.2.0/src/rp2_common/pico_double/double_aeabi_rp2040.S.obj
 .preinit_array.00350
                0x10007344        0x4 CMakeFiles/Apolo.dir/C_/Users/renzo/.pico-sdk/sdk/2.2.0/src/rp2_common/pico_float/float_aeabi_rp2040.S.obj
 .preinit_array.00500
                0x10007348        0x4 CMakeFiles/Apolo.dir/C_/Users/renzo/.pico-sdk/sdk/2.2.0/src/rp2_common/pico_runtime_init/runtime_init.c.obj
                0x10007348                __pre_init_runtime_init_clocks
 .preinit_array.00600
                0x1000734c        0x4 CMakeFiles/Apolo.dir/C_/Users/renzo/.pico-sdk/sdk/2.2.0/src/rp2_common/pico_runtime_init/runtime_init.c.obj
                0x1000734c                __pre_init_runtime_init_post_clock_resets
 .preinit_array.00700
                0x10007350        0x4 CMakeFiles/Apolo.dir/C_/Users/renzo/.pico-sdk/sdk/2.2.0/src/rp2_common/pico_runtime_init/runtime_init.c.obj
                0x10007350                __pre_init_runtime_init_rp2040_gpio_ie_disable
 .preinit_array.01000
                0x10007354        0x4 CMakeFiles/Apolo.dir/C_/Users/renzo/.pico-sdk/sdk/2.2.0/src/rp2_common/pico_runtime_init/runtime_init.c.obj
                0x10007354                __pre_init_runtime_init_spin_locks_reset
 .preinit_array.01100
                0x10007358        0x4 CMakeFiles/Apolo.dir/C_/Users/renzo/.pico-sdk/sdk/2.2.0/src/common/pico_sync/mutex.c.obj
                0x10007358                __pre_init_runtime_init_mutex
 .preinit_array.10080
                0x1000735c        0x4 CMakeFiles/Apolo.dir/C_/Users/renzo/.pico-sdk/sdk/2.2.0/src/rp2_common/pico_runtime_init/runtime_init.c.obj
                0x1000735c                __pre_init_runtime_init_install_ram_vector_table
 .preinit_array.11000
                0x10007360        0x4 CMakeFiles/Apolo.dir/C_/Users/renzo/.pico-sdk/sdk/2.2.0/src/common/pico_time/time.c.obj
                0x10007360                __pre_init_runtime_init_default_alarm_pool
 .preinit_array.YYYYY
                0x10007364        0x4 CMakeFiles/Apolo.dir/C_/Users/renzo/.pico-sdk/sdk/2.2.0/src/rp2_common/pico_runtime/runtime.c.obj
                0x10007364                __pre_init_first_per_core_initializer
 .preinit_array.ZZZZZ.01200
                0x10007368        0x4 CMakeFiles/Apolo.dir/C_/Users/renzo/.pico-sdk/sdk/2.2.0/src/rp2_common/hardware_irq/irq.c.obj
                0x10007368                __pre_init_runtime_init_per_core_irq_priorities
 *(.preinit_array)
                0x1000736c                        PROVIDE (__preinit_array_end = .)
                0x1000736c                        . = ALIGN (0x4)
                0x1000736c                        PROVIDE (__init_array_start = .)
 *(SORT_BY_NAME(.init_array.*))
 .init_array.01000
                0x1000736c        0x4 CMakeFiles/Apolo.dir/C_/Users/renzo/.pico-sdk/sdk/2.2.0/src/rp2_common/pico_unique_id/unique_id.c.obj
 *(.init_array)
 .init_array    0x10007370        0x4 C:/Users/renzo/.pico-sdk/toolchain/14_2_Rel1/bin/../lib/gcc/arm-none-eabi/14.2.1/thumb/v6-m/nofp/crtbegin.o
                0x10007374                        PROVIDE (__init_array_end = .)
                0x10007374                        . = ALIGN (0x4)
                [!provide]                        PROVIDE (__fini_array_start = .)
 *(SORT_BY_NAME(.fini_array.*))
 *(.fini_array)
                [!provide]                        PROVIDE (__fini_array_end = .)
 *(.eh_frame*)
 .eh_frame      0x10007374        0x0 C:/Users/renzo/.pico-sdk/toolchain/14_2_Rel1/bin/../lib/gcc/arm-none-eabi/14.2.1/thumb/v6-m/nofp/crtbegin.o
                0x10007374                        . = ALIGN (0x4)

.glue_7         0x10007374        0x0
 .glue_7        0x10007374        0x0 linker stubs

.glue_7t        0x10007374        0x0
 .glue_7t       0x10007374        0x0 linker stubs

.vfp11_veneer   0x10007374        0x0
 .vfp11_veneer  0x10007374        0x0 linker stubs

.v4_bx          0x10007374        0x0
 .v4_bx         0x10007374        0x0 linker stubs

.iplt           0x10007374        0x0
 .iplt          0x10007374        0x0 C:/Users/renzo/.pico-sdk/toolchain/14_2_Rel1/bin/../lib/gcc/arm-none-eabi/14.2.1/thumb/v6-m/nofp/crtbegin.o

.rodata         0x10007378      0x800
 *(EXCLUDE_FILE(*libm.a: *libc.a:*lib_a-mem*.o *libgcc.a:) .rodata*)
 .rodata.main.str1.4
                0x10007378      0x2e4 CMakeFiles/Apolo.dir/Apolo.c.obj
                                0x131 (size before relaxing)
 .rodata.servos
                0x1000765c       0x50 CMakeFiles/Apolo.dir/Apolo.c.obj
 .rodata.panic.str1.4
                0x100076ac       0x12 CMakeFiles/Apolo.dir/C_/Users/renzo/.pico-sdk/sdk/2.2.0/src/rp2_common/pico_platform_panic/panic.c.obj
 .rodata.spin_lock_claim_unused.str1.4
                0x100076ac       0x1b CMakeFiles/Apolo.dir/C_/Users/renzo/.pico-sdk/sdk/2.2.0/src/rp2_common/hardware_sync/sync.c.obj
 .rodata.user_irq_claim_unused.str1.4
                0x100076ac       0x1b CMakeFiles/Apolo.dir/C_/Users/renzo/.pico-sdk/sdk/2.2.0/src/rp2_common/hardware_irq/irq.c.obj
 .rodata.timer_hardware_alarm_claim.str1.4
                0x100076ac       0x22 CMakeFiles/Apolo.dir/C_/Users/renzo/.pico-sdk/sdk/2.2.0/src/rp2_common/hardware_timer/timer.c.obj
 .rodata.hard_assertion_failure.str1.4
                0x100076ac        0xc CMakeFiles/Apolo.dir/C_/Users/renzo/.pico-sdk/sdk/2.2.0/src/rp2_common/pico_runtime/runtime.c.obj
 .rodata.missing_double_func_shim.str1.4
                0x100076ac       0x18 CMakeFiles/Apolo.dir/C_/Users/renzo/.pico-sdk/sdk/2.2.0/src/rp2_common/pico_double/double_init_rom_rp2040.c.obj
 .rodata.missing_float_func_shim.str1.4
                0x100076ac        0x1 CMakeFiles/Apolo.dir/C_/Users/renzo/.pico-sdk/sdk/2.2.0/src/rp2_common/pico_float/float_init_rom_rp2040.c.obj
 .rodata.str1.4
                0x100076ac       0x40 CMakeFiles/Apolo.dir/C_/Users/renzo/.pico-sdk/sdk/2.2.0/src/rp2_common/pico_standard_binary_info/standard_binary_info.c.obj
 .rodata.__bi_84
                0x100076ac        0xc CMakeFiles/Apolo.dir/C_/Users/renzo/.pico-sdk/sdk/2.2.0/src/rp2_common/pico_standard_binary_info/standard_binary_info.c.obj
 .rodata.__bi_78
                0x100076b8        0xc CMakeFiles/Apolo.dir/C_/Users/renzo/.pico-sdk/sdk/2.2.0/src/rp2_common/pico_standard_binary_info/standard_binary_info.c.obj
 .rodata.__bi_60
                0x100076c4        0xc CMakeFiles/Apolo.dir/C_/Users/renzo/.pico-sdk/sdk/2.2.0/src/rp2_common/pico_standard_binary_info/standard_binary_info.c.obj
 .rodata.__bi_54
                0x100076d0        0xc CMakeFiles/Apolo.dir/C_/Users/renzo/.pico-sdk/sdk/2.2.0/src/rp2_common/pico_standard_binary_info/standard_binary_info.c.obj
 .rodata.__bi_48
                0x100076dc        0xc CMakeFiles/Apolo.dir/C_/Users/renzo/.pico-sdk/sdk/2.2.0/src/rp2_common/pico_standard_binary_info/standard_binary_info.c.obj
 .rodata.__bi_42
                0x100076e8        0xc CMakeFiles/Apolo.dir/C_/Users/renzo/.pico-sdk/sdk/2.2.0/src/rp2_common/pico_standard_binary_info/standard_binary_info.c.obj
 .rodata.__bi_34
                0x100076f4        0xc CMakeFiles/Apolo.dir/C_/Users/renzo/.pico-sdk/sdk/2.2.0/src/rp2_common/pico_standard_binary_info/standard_binary_info.c.obj
 .rodata.__bi_26
                0x10007700        0xc CMakeFiles/Apolo.dir/C_/Users/renzo/.pico-sdk/sdk/2.2.0/src/rp2_common/pico_standard_binary_info/standard_binary_info.c.obj
 .rodata._ftoa.str1.4
                0x1000770c       0x15 CMakeFiles/Apolo.dir/C_/Users/renzo/.pico-sdk/sdk/2.2.0/src/rp2_common/pico_printf/printf.c.obj
 .rodata._vsnprintf
                0x1000770c      0x19c CMakeFiles/Apolo.dir/C_/Users/renzo/.pico-sdk/sdk/2.2.0/src/rp2_common/pico_printf/printf.c.obj
 .rodata.pow10.0
                0x100078a8       0x50 CMakeFiles/Apolo.dir/C_/Users/renzo/.pico-sdk/sdk/2.2.0/src/rp2_common/pico_printf/printf.c.obj
 .rodata.crlf_str.0
                0x100078f8        0x2 CMakeFiles/Apolo.dir/C_/Users/renzo/.pico-sdk/sdk/2.2.0/src/rp2_common/pico_stdio/stdio.c.obj
 .rodata.str1.4
                0x100078fa       0x2c CMakeFiles/Apolo.dir/C_/Users/renzo/.pico-sdk/sdk/2.2.0/src/rp2_common/pico_stdio_uart/stdio_uart.c.obj
 *fill*         0x100078fa        0x2 
 .rodata.__bi_45.4
                0x100078fc        0xc CMakeFiles/Apolo.dir/C_/Users/renzo/.pico-sdk/sdk/2.2.0/src/rp2_common/pico_stdio_uart/stdio_uart.c.obj
 .rodata.__bi_49.5
                0x10007908        0x8 CMakeFiles/Apolo.dir/C_/Users/renzo/.pico-sdk/sdk/2.2.0/src/rp2_common/pico_stdio_uart/stdio_uart.c.obj
 .rodata.__bi_50.6
                0x10007910        0x8 CMakeFiles/Apolo.dir/C_/Users/renzo/.pico-sdk/sdk/2.2.0/src/rp2_common/pico_stdio_uart/stdio_uart.c.obj
 .rodata._resetd_driver
                0x10007918       0x20 CMakeFiles/Apolo.dir/C_/Users/renzo/.pico-sdk/sdk/2.2.0/src/rp2_common/pico_stdio_usb/reset_interface.c.obj
 .rodata.desc_ms_os_20
                0x10007938       0xa6 CMakeFiles/Apolo.dir/C_/Users/renzo/.pico-sdk/sdk/2.2.0/src/rp2_common/pico_stdio_usb/reset_interface.c.obj
 *fill*         0x100079de        0x2 
 .rodata.desc_bos
                0x100079e0       0x21 CMakeFiles/Apolo.dir/C_/Users/renzo/.pico-sdk/sdk/2.2.0/src/rp2_common/pico_stdio_usb/reset_interface.c.obj
                0x100079e0                desc_bos
 .rodata.str1.4
                0x10007a01       0x13 CMakeFiles/Apolo.dir/C_/Users/renzo/.pico-sdk/sdk/2.2.0/src/rp2_common/pico_stdio_usb/stdio_usb.c.obj
 *fill*         0x10007a01        0x3 
 .rodata.__bi_202.0
                0x10007a04        0xc CMakeFiles/Apolo.dir/C_/Users/renzo/.pico-sdk/sdk/2.2.0/src/rp2_common/pico_stdio_usb/stdio_usb.c.obj
 .rodata.str1.4
                0x10007a10       0x2a CMakeFiles/Apolo.dir/C_/Users/renzo/.pico-sdk/sdk/2.2.0/src/rp2_common/pico_stdio_usb/stdio_usb_descriptors.c.obj
 .rodata.usbd_desc_str
                0x10007a10       0x18 CMakeFiles/Apolo.dir/C_/Users/renzo/.pico-sdk/sdk/2.2.0/src/rp2_common/pico_stdio_usb/stdio_usb_descriptors.c.obj
 .rodata.usbd_desc_cfg
                0x10007a28       0x54 CMakeFiles/Apolo.dir/C_/Users/renzo/.pico-sdk/sdk/2.2.0/src/rp2_common/pico_stdio_usb/stdio_usb_descriptors.c.obj
 .rodata.usbd_desc_device
                0x10007a7c       0x12 CMakeFiles/Apolo.dir/C_/Users/renzo/.pico-sdk/sdk/2.2.0/src/rp2_common/pico_stdio_usb/stdio_usb_descriptors.c.obj
 .rodata.str1.4
                0x10007a8e       0x14 CMakeFiles/Apolo.dir/C_/Users/renzo/.pico-sdk/sdk/2.2.0/lib/tinyusb/src/portable/raspberrypi/rp2040/dcd_rp2040.c.obj
 .rodata.str1.4
                0x10007a8e       0x48 CMakeFiles/Apolo.dir/C_/Users/renzo/.pico-sdk/sdk/2.2.0/lib/tinyusb/src/portable/raspberrypi/rp2040/rp2040_usb.c.obj
 *fill*         0x10007a8e        0x2 
 .rodata.tud_task_ext
                0x10007a90       0x8c CMakeFiles/Apolo.dir/C_/Users/renzo/.pico-sdk/sdk/2.2.0/lib/tinyusb/src/device/usbd.c.obj
 .rodata        0x10007b1c       0x1c CMakeFiles/Apolo.dir/C_/Users/renzo/.pico-sdk/sdk/2.2.0/lib/tinyusb/src/device/usbd.c.obj
 .rodata._usbd_driver
                0x10007b38       0x40 CMakeFiles/Apolo.dir/C_/Users/renzo/.pico-sdk/sdk/2.2.0/lib/tinyusb/src/device/usbd.c.obj
                0x10007b78                        . = ALIGN (0x4)
 *(SORT_BY_ALIGNMENT(SORT_BY_NAME(.flashdata*)))
                0x10007b78                        . = ALIGN (0x4)

.ARM.extab
 *(.ARM.extab* .gnu.linkonce.armextab.*)
                0x10007b78                        __exidx_start = .

.ARM.exidx
 *(.ARM.exidx* .gnu.linkonce.armexidx.*)
                0x10007b78                        __exidx_end = .
                0x10007b78                        . = ALIGN (0x4)
                0x10007b78                        __binary_info_start = .

.binary_info    0x10007b78       0x30
 *(.binary_info.keep.*)
 .binary_info.keep.__bi_ptr84
                0x10007b78        0x4 CMakeFiles/Apolo.dir/C_/Users/renzo/.pico-sdk/sdk/2.2.0/src/rp2_common/pico_standard_binary_info/standard_binary_info.c.obj
 .binary_info.keep.__bi_ptr78
                0x10007b7c        0x4 CMakeFiles/Apolo.dir/C_/Users/renzo/.pico-sdk/sdk/2.2.0/src/rp2_common/pico_standard_binary_info/standard_binary_info.c.obj
 .binary_info.keep.__bi_ptr60
                0x10007b80        0x4 CMakeFiles/Apolo.dir/C_/Users/renzo/.pico-sdk/sdk/2.2.0/src/rp2_common/pico_standard_binary_info/standard_binary_info.c.obj
 .binary_info.keep.__bi_ptr54
                0x10007b84        0x4 CMakeFiles/Apolo.dir/C_/Users/renzo/.pico-sdk/sdk/2.2.0/src/rp2_common/pico_standard_binary_info/standard_binary_info.c.obj
 .binary_info.keep.__bi_ptr48
                0x10007b88        0x4 CMakeFiles/Apolo.dir/C_/Users/renzo/.pico-sdk/sdk/2.2.0/src/rp2_common/pico_standard_binary_info/standard_binary_info.c.obj
 .binary_info.keep.__bi_ptr42
                0x10007b8c        0x4 CMakeFiles/Apolo.dir/C_/Users/renzo/.pico-sdk/sdk/2.2.0/src/rp2_common/pico_standard_binary_info/standard_binary_info.c.obj
 .binary_info.keep.__bi_ptr34
                0x10007b90        0x4 CMakeFiles/Apolo.dir/C_/Users/renzo/.pico-sdk/sdk/2.2.0/src/rp2_common/pico_standard_binary_info/standard_binary_info.c.obj
 .binary_info.keep.__bi_ptr26
                0x10007b94        0x4 CMakeFiles/Apolo.dir/C_/Users/renzo/.pico-sdk/sdk/2.2.0/src/rp2_common/pico_standard_binary_info/standard_binary_info.c.obj
 *(.binary_info.*)
 .binary_info.__bi_ptr50
                0x10007b98        0x4 CMakeFiles/Apolo.dir/C_/Users/renzo/.pico-sdk/sdk/2.2.0/src/rp2_common/pico_stdio_uart/stdio_uart.c.obj
 .binary_info.__bi_ptr49
                0x10007b9c        0x4 CMakeFiles/Apolo.dir/C_/Users/renzo/.pico-sdk/sdk/2.2.0/src/rp2_common/pico_stdio_uart/stdio_uart.c.obj
 .binary_info.__bi_ptr45
                0x10007ba0        0x4 CMakeFiles/Apolo.dir/C_/Users/renzo/.pico-sdk/sdk/2.2.0/src/rp2_common/pico_stdio_uart/stdio_uart.c.obj
 .binary_info.__bi_ptr202
                0x10007ba4        0x4 CMakeFiles/Apolo.dir/C_/Users/renzo/.pico-sdk/sdk/2.2.0/src/rp2_common/pico_stdio_usb/stdio_usb.c.obj
                0x10007ba8                        __binary_info_end = .
                0x10007ba8                        . = ALIGN (0x4)

.ram_vector_table
                0x20000000       0xc0
 *(.ram_vector_table)
 .ram_vector_table
                0x20000000       0xc0 CMakeFiles/Apolo.dir/C_/Users/renzo/.pico-sdk/sdk/2.2.0/src/rp2_common/pico_runtime_init/runtime_init.c.obj
                0x20000000                ram_vector_table

.uninitialized_data
                0x200000c0        0x0
                0x200000c0                        . = ALIGN (0x4)
 *(.uninitialized_data*)

.data           0x200000c0     0x1018 load address 0x10007ba8
                0x200000c0                        __data_start__ = .
 *(vtable)
 *(.time_critical*)
 .time_critical.mutex_try_enter
                0x200000c0       0x40 CMakeFiles/Apolo.dir/C_/Users/renzo/.pico-sdk/sdk/2.2.0/src/common/pico_sync/mutex.c.obj
                0x200000c0                mutex_try_enter
 .time_critical.mutex_try_enter_block_until
                0x20000100       0x98 CMakeFiles/Apolo.dir/C_/Users/renzo/.pico-sdk/sdk/2.2.0/src/common/pico_sync/mutex.c.obj
                0x20000100                mutex_try_enter_block_until
 .time_critical.mutex_enter_timeout_ms
                0x20000198       0x8c CMakeFiles/Apolo.dir/C_/Users/renzo/.pico-sdk/sdk/2.2.0/src/common/pico_sync/mutex.c.obj
                0x20000198                mutex_enter_timeout_ms
 .time_critical.mutex_exit
                0x20000224       0x28 CMakeFiles/Apolo.dir/C_/Users/renzo/.pico-sdk/sdk/2.2.0/src/common/pico_sync/mutex.c.obj
                0x20000224                mutex_exit
 .time_critical.flash_init_boot2_copyout
                0x2000024c       0x30 CMakeFiles/Apolo.dir/C_/Users/renzo/.pico-sdk/sdk/2.2.0/src/rp2_common/hardware_flash/flash.c.obj
 .time_critical.flash_enable_xip_via_boot2
                0x2000027c        0xc CMakeFiles/Apolo.dir/C_/Users/renzo/.pico-sdk/sdk/2.2.0/src/rp2_common/hardware_flash/flash.c.obj
 .time_critical.flash_save_hardware_state
                0x20000288       0x20 CMakeFiles/Apolo.dir/C_/Users/renzo/.pico-sdk/sdk/2.2.0/src/rp2_common/hardware_flash/flash.c.obj
 .time_critical.flash_restore_hardware_state
                0x200002a8       0x20 CMakeFiles/Apolo.dir/C_/Users/renzo/.pico-sdk/sdk/2.2.0/src/rp2_common/hardware_flash/flash.c.obj
 .time_critical.flash_cs_force
                0x200002c8       0x38 CMakeFiles/Apolo.dir/C_/Users/renzo/.pico-sdk/sdk/2.2.0/src/rp2_common/hardware_flash/flash.c.obj
 .time_critical.flash_do_cmd
                0x20000300      0x13c CMakeFiles/Apolo.dir/C_/Users/renzo/.pico-sdk/sdk/2.2.0/src/rp2_common/hardware_flash/flash.c.obj
                0x20000300                flash_do_cmd
 .time_critical.reset_non_control_endpoints
                0x2000043c       0x68 CMakeFiles/Apolo.dir/C_/Users/renzo/.pico-sdk/sdk/2.2.0/lib/tinyusb/src/portable/raspberrypi/rp2040/dcd_rp2040.c.obj
 .time_critical.hw_handle_buff_status
                0x200004a4       0xa0 CMakeFiles/Apolo.dir/C_/Users/renzo/.pico-sdk/sdk/2.2.0/lib/tinyusb/src/portable/raspberrypi/rp2040/dcd_rp2040.c.obj
 .time_critical.dcd_rp2040_irq
                0x20000544      0x548 CMakeFiles/Apolo.dir/C_/Users/renzo/.pico-sdk/sdk/2.2.0/lib/tinyusb/src/portable/raspberrypi/rp2040/dcd_rp2040.c.obj
 .time_critical.prepare_ep_buffer
                0x20000a8c       0xc8 CMakeFiles/Apolo.dir/C_/Users/renzo/.pico-sdk/sdk/2.2.0/lib/tinyusb/src/portable/raspberrypi/rp2040/rp2040_usb.c.obj
 .time_critical.sync_ep_buffer
                0x20000b54       0x9c CMakeFiles/Apolo.dir/C_/Users/renzo/.pico-sdk/sdk/2.2.0/lib/tinyusb/src/portable/raspberrypi/rp2040/rp2040_usb.c.obj
 .time_critical._hw_endpoint_xfer_sync
                0x20000bf0       0x28 CMakeFiles/Apolo.dir/C_/Users/renzo/.pico-sdk/sdk/2.2.0/lib/tinyusb/src/portable/raspberrypi/rp2040/rp2040_usb.c.obj
 .time_critical.e15_is_bulkin_ep
                0x20000c18       0x28 CMakeFiles/Apolo.dir/C_/Users/renzo/.pico-sdk/sdk/2.2.0/lib/tinyusb/src/portable/raspberrypi/rp2040/rp2040_usb.c.obj
 .time_critical.e15_is_critical_frame_period
                0x20000c40       0x34 CMakeFiles/Apolo.dir/C_/Users/renzo/.pico-sdk/sdk/2.2.0/lib/tinyusb/src/portable/raspberrypi/rp2040/rp2040_usb.c.obj
 .time_critical.hw_endpoint_reset_transfer
                0x20000c74        0xc CMakeFiles/Apolo.dir/C_/Users/renzo/.pico-sdk/sdk/2.2.0/lib/tinyusb/src/portable/raspberrypi/rp2040/rp2040_usb.c.obj
                0x20000c74                hw_endpoint_reset_transfer
 .time_critical._hw_endpoint_buffer_control_update32
                0x20000c80       0x50 CMakeFiles/Apolo.dir/C_/Users/renzo/.pico-sdk/sdk/2.2.0/lib/tinyusb/src/portable/raspberrypi/rp2040/rp2040_usb.c.obj
                0x20000c80                _hw_endpoint_buffer_control_update32
 .time_critical.hw_endpoint_start_next_buffer
                0x20000cd0       0x68 CMakeFiles/Apolo.dir/C_/Users/renzo/.pico-sdk/sdk/2.2.0/lib/tinyusb/src/portable/raspberrypi/rp2040/rp2040_usb.c.obj
                0x20000cd0                hw_endpoint_start_next_buffer
 .time_critical.hw_endpoint_xfer_continue
                0x20000d38       0x40 CMakeFiles/Apolo.dir/C_/Users/renzo/.pico-sdk/sdk/2.2.0/lib/tinyusb/src/portable/raspberrypi/rp2040/rp2040_usb.c.obj
                0x20000d38                hw_endpoint_xfer_continue
 .time_critical.tinyusb
                0x20000d78      0x1e4 CMakeFiles/Apolo.dir/C_/Users/renzo/.pico-sdk/sdk/2.2.0/lib/tinyusb/src/device/usbd.c.obj
                0x20000d78                dcd_event_handler
 *(.text*)
 .text          0x20000f5c        0x4 C:/Users/renzo/.pico-sdk/toolchain/14_2_Rel1/bin/../lib/gcc/arm-none-eabi/14.2.1/thumb/v6-m/nofp\libgcc.a(_dvmd_tls.o)
                0x20000f5c                __aeabi_idiv0
                0x20000f5c                __aeabi_ldiv0
 .text.__stub   0x20000f60       0x80 linker stubs
                0x20000fe0                        . = ALIGN (0x4)
 *(.rodata*)
                0x20000fe0                        . = ALIGN (0x4)
 *(.data*)
 .data.striped_spin_lock_num
                0x20000fe0        0x1 CMakeFiles/Apolo.dir/C_/Users/renzo/.pico-sdk/sdk/2.2.0/src/rp2_common/hardware_sync/sync.c.obj
 *fill*         0x20000fe1        0x3 
 .data          0x20000fe4       0x48 CMakeFiles/Apolo.dir/C_/Users/renzo/.pico-sdk/sdk/2.2.0/src/rp2_common/hardware_irq/irq_handler_chain.S.obj
                0x20000fe4                irq_handler_chain_slots
                0x20001014                irq_handler_chain_first_slot
                0x2000101e                irq_handler_chain_remove_tail
 .data.default_alarm_pool
                0x2000102c       0x18 CMakeFiles/Apolo.dir/C_/Users/renzo/.pico-sdk/sdk/2.2.0/src/common/pico_time/time.c.obj
 *fill*         0x20001044        0xc 
 .data.aeabi_bits_funcs
                0x20001050       0x10 CMakeFiles/Apolo.dir/C_/Users/renzo/.pico-sdk/sdk/2.2.0/src/rp2_common/pico_bit_ops/bit_ops_aeabi.S.obj
                0x20001050                aeabi_bits_funcs
                0x20001060                aeabi_bits_funcs_end
 .data.aeabi_mem_funcs
                0x20001060       0x10 CMakeFiles/Apolo.dir/C_/Users/renzo/.pico-sdk/sdk/2.2.0/src/rp2_common/pico_mem_ops/mem_ops_aeabi.S.obj
                0x20001060                aeabi_mem_funcs
                0x20001070                aeabi_mem_funcs_end
 .data.stdio_uart
                0x20001070       0x18 CMakeFiles/Apolo.dir/C_/Users/renzo/.pico-sdk/sdk/2.2.0/src/rp2_common/pico_stdio_uart/stdio_uart.c.obj
                0x20001070                stdio_uart
 .data.stdio_usb
                0x20001088       0x18 CMakeFiles/Apolo.dir/C_/Users/renzo/.pico-sdk/sdk/2.2.0/src/rp2_common/pico_stdio_usb/stdio_usb.c.obj
                0x20001088                stdio_usb
 .data._usbd_qdef
                0x200010a0       0x1c CMakeFiles/Apolo.dir/C_/Users/renzo/.pico-sdk/sdk/2.2.0/lib/tinyusb/src/device/usbd.c.obj
                0x200010a0                _usbd_qdef
 .data._usbd_rhport
                0x200010bc        0x1 CMakeFiles/Apolo.dir/C_/Users/renzo/.pico-sdk/sdk/2.2.0/lib/tinyusb/src/device/usbd.c.obj
 *fill*         0x200010bd        0x3 
 .data.i2c1_inst
                0x200010c0        0x8 CMakeFiles/Apolo.dir/C_/Users/renzo/.pico-sdk/sdk/2.2.0/src/rp2_common/hardware_i2c/i2c.c.obj
                0x200010c0                i2c1_inst
 .data.i2c0_inst
                0x200010c8        0x8 CMakeFiles/Apolo.dir/C_/Users/renzo/.pico-sdk/sdk/2.2.0/src/rp2_common/hardware_i2c/i2c.c.obj
                0x200010c8                i2c0_inst
                0x200010d0                        . = ALIGN (0x4)
 *(.after_data.*)
                0x200010d0                        . = ALIGN (0x4)
                0x200010d0                        PROVIDE (__mutex_array_start = .)
 *(SORT_BY_NAME(.mutex_array.*))
 *(.mutex_array)
 .mutex_array   0x200010d0        0x8 CMakeFiles/Apolo.dir/C_/Users/renzo/.pico-sdk/sdk/2.2.0/src/rp2_common/pico_stdio/stdio.c.obj
                0x200010d8                        PROVIDE (__mutex_array_end = .)
                0x200010d8                        . = ALIGN (0x4)
 *(.jcr)
                0x200010d8                        . = ALIGN (0x4)

.tm_clone_table
                0x200010d8        0x0 load address 0x10008bc0
 .tm_clone_table
                0x200010d8        0x0 C:/Users/renzo/.pico-sdk/toolchain/14_2_Rel1/bin/../lib/gcc/arm-none-eabi/14.2.1/thumb/v6-m/nofp/crtbegin.o
 .tm_clone_table
                0x200010d8        0x0 C:/Users/renzo/.pico-sdk/toolchain/14_2_Rel1/bin/../lib/gcc/arm-none-eabi/14.2.1/thumb/v6-m/nofp/crtend.o

.igot.plt       0x200010d8        0x0 load address 0x10008bc0
 .igot.plt      0x200010d8        0x0 C:/Users/renzo/.pico-sdk/toolchain/14_2_Rel1/bin/../lib/gcc/arm-none-eabi/14.2.1/thumb/v6-m/nofp/crtbegin.o

.tdata          0x200010d8        0x0 load address 0x10008bc0
                0x200010d8                        . = ALIGN (0x4)
 *(.tdata .tdata.* .gnu.linkonce.td.*)
                0x200010d8                        __tdata_end = .
                0x200010d8                        PROVIDE (__data_end__ = .)
                0x10007ba8                        __etext = LOADADDR (.data)

.tbss           0x200010d8        0x0 load address 0x10008bc0
                0x200010d8                        . = ALIGN (0x4)
                0x200010d8                        __bss_start__ = .
                0x200010d8                        __tls_base = .
 *(.tbss .tbss.* .gnu.linkonce.tb.*)
 *(.tcommon)
                0x200010d8                        __tls_end = .

.bss            0x200010d8      0xf0c load address 0x10008bc0
                0x200010d8                        . = ALIGN (0x4)
                0x200010d8                        __tbss_end = .
 *(SORT_BY_ALIGNMENT(SORT_BY_NAME(.bss*)))
 .bss.default_alarm_pool_entries
                0x200010d8      0x180 CMakeFiles/Apolo.dir/C_/Users/renzo/.pico-sdk/sdk/2.2.0/src/common/pico_time/time.c.obj
 .bss.last_avail_time.1
                0x20001258        0x8 CMakeFiles/Apolo.dir/C_/Users/renzo/.pico-sdk/sdk/2.2.0/src/rp2_common/pico_stdio_usb/stdio_usb.c.obj
 .bss.sd_table  0x20001260      0x100 CMakeFiles/Apolo.dir/C_/Users/renzo/.pico-sdk/sdk/2.2.0/src/rp2_common/pico_double/double_init_rom_rp2040.c.obj
                0x20001260                sd_table
 .bss._app_driver
                0x20001360        0x4 CMakeFiles/Apolo.dir/C_/Users/renzo/.pico-sdk/sdk/2.2.0/lib/tinyusb/src/device/usbd.c.obj
 .bss._cdcd_epbuf
                0x20001364       0x80 CMakeFiles/Apolo.dir/C_/Users/renzo/.pico-sdk/sdk/2.2.0/lib/tinyusb/src/class/cdc/cdc_device.c.obj
 .bss._cdcd_fifo_cfg
                0x200013e4        0x1 CMakeFiles/Apolo.dir/C_/Users/renzo/.pico-sdk/sdk/2.2.0/lib/tinyusb/src/class/cdc/cdc_device.c.obj
 *fill*         0x200013e5        0x3 
 .bss._cdcd_itf
                0x200013e8       0xc8 CMakeFiles/Apolo.dir/C_/Users/renzo/.pico-sdk/sdk/2.2.0/lib/tinyusb/src/class/cdc/cdc_device.c.obj
 .bss._ctrl_epbuf
                0x200014b0       0x40 CMakeFiles/Apolo.dir/C_/Users/renzo/.pico-sdk/sdk/2.2.0/lib/tinyusb/src/device/usbd_control.c.obj
 .bss._ctrl_xfer
                0x200014f0       0x14 CMakeFiles/Apolo.dir/C_/Users/renzo/.pico-sdk/sdk/2.2.0/lib/tinyusb/src/device/usbd_control.c.obj
 .bss._tusb_rhport_role
                0x20001504        0x2 CMakeFiles/Apolo.dir/C_/Users/renzo/.pico-sdk/sdk/2.2.0/lib/tinyusb/src/tusb.c.obj
                0x20001504                _tusb_rhport_role
 *fill*         0x20001506        0x2 
 .bss._ubsd_mutexdef
                0x20001508        0x8 CMakeFiles/Apolo.dir/C_/Users/renzo/.pico-sdk/sdk/2.2.0/lib/tinyusb/src/device/usbd.c.obj
 .bss._usbd_dev
                0x20001510       0x54 CMakeFiles/Apolo.dir/C_/Users/renzo/.pico-sdk/sdk/2.2.0/lib/tinyusb/src/device/usbd.c.obj
 .bss._usbd_mutex
                0x20001564        0x4 CMakeFiles/Apolo.dir/C_/Users/renzo/.pico-sdk/sdk/2.2.0/lib/tinyusb/src/device/usbd.c.obj
 .bss._usbd_q   0x20001568        0x4 CMakeFiles/Apolo.dir/C_/Users/renzo/.pico-sdk/sdk/2.2.0/lib/tinyusb/src/device/usbd.c.obj
 .bss._usbd_qdef_buf
                0x2000156c       0xc0 CMakeFiles/Apolo.dir/C_/Users/renzo/.pico-sdk/sdk/2.2.0/lib/tinyusb/src/device/usbd.c.obj
                0x2000156c                _usbd_qdef_buf
 .bss._vendord_epbuf
                0x2000162c       0x80 CMakeFiles/Apolo.dir/C_/Users/renzo/.pico-sdk/sdk/2.2.0/lib/tinyusb/src/class/vendor/vendor_device.c.obj
 .bss._vendord_itf
                0x200016ac      0x24c CMakeFiles/Apolo.dir/C_/Users/renzo/.pico-sdk/sdk/2.2.0/lib/tinyusb/src/class/vendor/vendor_device.c.obj
 .bss.boot2_copyout
                0x200018f8      0x100 CMakeFiles/Apolo.dir/C_/Users/renzo/.pico-sdk/sdk/2.2.0/src/rp2_common/hardware_flash/flash.c.obj
 .bss.chars_available_callback
                0x200019f8        0x4 CMakeFiles/Apolo.dir/C_/Users/renzo/.pico-sdk/sdk/2.2.0/src/rp2_common/pico_stdio_uart/stdio_uart.c.obj
 .bss.chars_available_callback
                0x200019fc        0x4 CMakeFiles/Apolo.dir/C_/Users/renzo/.pico-sdk/sdk/2.2.0/src/rp2_common/pico_stdio_usb/stdio_usb.c.obj
 .bss.chars_available_param
                0x20001a00        0x4 CMakeFiles/Apolo.dir/C_/Users/renzo/.pico-sdk/sdk/2.2.0/src/rp2_common/pico_stdio_uart/stdio_uart.c.obj
 .bss.chars_available_param
                0x20001a04        0x4 CMakeFiles/Apolo.dir/C_/Users/renzo/.pico-sdk/sdk/2.2.0/src/rp2_common/pico_stdio_usb/stdio_usb.c.obj
 .bss.claimed   0x20001a08        0x4 CMakeFiles/Apolo.dir/C_/Users/renzo/.pico-sdk/sdk/2.2.0/src/rp2_common/hardware_sync/sync.c.obj
 .bss.claimed   0x20001a0c        0x1 CMakeFiles/Apolo.dir/C_/Users/renzo/.pico-sdk/sdk/2.2.0/src/rp2_common/hardware_timer/timer.c.obj
 *fill*         0x20001a0d        0x3 
 .bss.configured_freq
                0x20001a10       0x28 CMakeFiles/Apolo.dir/C_/Users/renzo/.pico-sdk/sdk/2.2.0/src/rp2_common/hardware_clocks/clocks.c.obj
 .bss.desc_str.0
                0x20001a38       0x28 CMakeFiles/Apolo.dir/C_/Users/renzo/.pico-sdk/sdk/2.2.0/src/rp2_common/pico_stdio_usb/stdio_usb_descriptors.c.obj
 .bss.drivers   0x20001a60        0x4 CMakeFiles/Apolo.dir/C_/Users/renzo/.pico-sdk/sdk/2.2.0/src/rp2_common/pico_stdio/stdio.c.obj
 .bss.e15_last_sof
                0x20001a64        0x4 CMakeFiles/Apolo.dir/C_/Users/renzo/.pico-sdk/sdk/2.2.0/lib/tinyusb/src/portable/raspberrypi/rp2040/rp2040_usb.c.obj
                0x20001a64                e15_last_sof
 .bss.filter    0x20001a68        0x4 CMakeFiles/Apolo.dir/C_/Users/renzo/.pico-sdk/sdk/2.2.0/src/rp2_common/pico_stdio/stdio.c.obj
 .bss.hw_endpoints
                0x20001a6c      0x400 CMakeFiles/Apolo.dir/C_/Users/renzo/.pico-sdk/sdk/2.2.0/lib/tinyusb/src/portable/raspberrypi/rp2040/dcd_rp2040.c.obj
 .bss.lazy_vsnprintf
                0x20001e6c        0x4 CMakeFiles/Apolo.dir/C_/Users/renzo/.pico-sdk/sdk/2.2.0/src/rp2_common/pico_printf/printf.c.obj
 .bss.load_value
                0x20001e70        0x4 CMakeFiles/Apolo.dir/C_/Users/renzo/.pico-sdk/sdk/2.2.0/src/rp2_common/hardware_watchdog/watchdog.c.obj
 .bss.next_buffer_ptr
                0x20001e74        0x4 CMakeFiles/Apolo.dir/C_/Users/renzo/.pico-sdk/sdk/2.2.0/lib/tinyusb/src/portable/raspberrypi/rp2040/dcd_rp2040.c.obj
 .bss.object.0  0x20001e78       0x18 C:/Users/renzo/.pico-sdk/toolchain/14_2_Rel1/bin/../lib/gcc/arm-none-eabi/14.2.1/thumb/v6-m/nofp/crtbegin.o
 .bss.one_shot_timer_crit_sec
                0x20001e90        0x8 CMakeFiles/Apolo.dir/C_/Users/renzo/.pico-sdk/sdk/2.2.0/src/rp2_common/pico_stdio_usb/stdio_usb.c.obj
 .bss.pools     0x20001e98       0x10 CMakeFiles/Apolo.dir/C_/Users/renzo/.pico-sdk/sdk/2.2.0/src/common/pico_time/time.c.obj
 .bss.retrieved_id
                0x20001ea8        0x8 CMakeFiles/Apolo.dir/C_/Users/renzo/.pico-sdk/sdk/2.2.0/src/rp2_common/pico_unique_id/unique_id.c.obj
 .bss.sf_clz_func
                0x20001eb0        0x4 CMakeFiles/Apolo.dir/C_/Users/renzo/.pico-sdk/sdk/2.2.0/src/rp2_common/pico_double/double_init_rom_rp2040.c.obj
                0x20001eb0                sf_clz_func
 .bss.sf_table  0x20001eb4      0x100 CMakeFiles/Apolo.dir/C_/Users/renzo/.pico-sdk/sdk/2.2.0/src/rp2_common/pico_float/float_init_rom_rp2040.c.obj
                0x20001eb4                sf_table
 .bss.sleep_notifier
                0x20001fb4        0x4 CMakeFiles/Apolo.dir/C_/Users/renzo/.pico-sdk/sdk/2.2.0/src/common/pico_time/time.c.obj
 .bss.stdio_usb_mutex
                0x20001fb8        0x8 CMakeFiles/Apolo.dir/C_/Users/renzo/.pico-sdk/sdk/2.2.0/src/rp2_common/pico_stdio_usb/stdio_usb.c.obj
 .bss.uart_char_to_line_feed
                0x20001fc0        0x4 CMakeFiles/Apolo.dir/C_/Users/renzo/.pico-sdk/sdk/2.2.0/src/rp2_common/hardware_uart/uart.c.obj
                0x20001fc0                uart_char_to_line_feed
 .bss.uart_instance
                0x20001fc4        0x4 CMakeFiles/Apolo.dir/C_/Users/renzo/.pico-sdk/sdk/2.2.0/src/rp2_common/pico_stdio_uart/stdio_uart.c.obj
 .bss.usbd_serial_str
                0x20001fc8       0x11 CMakeFiles/Apolo.dir/C_/Users/renzo/.pico-sdk/sdk/2.2.0/src/rp2_common/pico_stdio_usb/stdio_usb_descriptors.c.obj
 .bss._app_driver_count
                0x20001fd9        0x1 CMakeFiles/Apolo.dir/C_/Users/renzo/.pico-sdk/sdk/2.2.0/lib/tinyusb/src/device/usbd.c.obj
 .bss._sof_enable
                0x20001fda        0x1 CMakeFiles/Apolo.dir/C_/Users/renzo/.pico-sdk/sdk/2.2.0/lib/tinyusb/src/portable/raspberrypi/rp2040/dcd_rp2040.c.obj
 .bss._usbd_queued_setup
                0x20001fdb        0x1 CMakeFiles/Apolo.dir/C_/Users/renzo/.pico-sdk/sdk/2.2.0/lib/tinyusb/src/device/usbd.c.obj
 .bss.boot2_copyout_valid
                0x20001fdc        0x1 CMakeFiles/Apolo.dir/C_/Users/renzo/.pico-sdk/sdk/2.2.0/src/rp2_common/hardware_flash/flash.c.obj
 .bss.irq_handler_chain_free_slot_head
                0x20001fdd        0x1 CMakeFiles/Apolo.dir/C_/Users/renzo/.pico-sdk/sdk/2.2.0/src/rp2_common/hardware_irq/irq.c.obj
 .bss.itf_num   0x20001fde        0x1 CMakeFiles/Apolo.dir/C_/Users/renzo/.pico-sdk/sdk/2.2.0/src/rp2_common/pico_stdio_usb/reset_interface.c.obj
 .bss.low_priority_irq_num
                0x20001fdf        0x1 CMakeFiles/Apolo.dir/C_/Users/renzo/.pico-sdk/sdk/2.2.0/src/rp2_common/pico_stdio_usb/stdio_usb.c.obj
 .bss.one_shot_timer_pending
                0x20001fe0        0x1 CMakeFiles/Apolo.dir/C_/Users/renzo/.pico-sdk/sdk/2.2.0/src/rp2_common/pico_stdio_usb/stdio_usb.c.obj
 .bss.user_irq_claimed
                0x20001fe1        0x1 CMakeFiles/Apolo.dir/C_/Users/renzo/.pico-sdk/sdk/2.2.0/src/rp2_common/hardware_irq/irq.c.obj
 *(COMMON)
                0x20001fe4                        . = ALIGN (0x4)
 *fill*         0x20001fe2        0x2 
                0x20001fe4                        __bss_end__ = .

.heap           0x20001fe4      0x800 load address 0x10008bc0
                0x20001fe4                        __end__ = .
                0x20001fe4                        end = __end__
 *(.heap*)
 .heap          0x20001fe4      0x800 CMakeFiles/Apolo.dir/C_/Users/renzo/.pico-sdk/sdk/2.2.0/src/rp2_common/pico_crt0/crt0.S.obj
                0x20040000                        __HeapLimit = (ORIGIN (RAM) + LENGTH (RAM))

.scratch_x      0x20040000        0x0 load address 0x10008bc0
                0x20040000                        __scratch_x_start__ = .
 *(.scratch_x.*)
                0x20040000                        . = ALIGN (0x4)
                0x20040000                        __scratch_x_end__ = .
                0x10008bc0                        __scratch_x_source__ = LOADADDR (.scratch_x)

.scratch_y      0x20041000        0x0 load address 0x10008bc0
                0x20041000                        __scratch_y_start__ = .
 *(.scratch_y.*)
                0x20041000                        . = ALIGN (0x4)
                0x20041000                        __scratch_y_end__ = .
                0x10008bc0                        __scratch_y_source__ = LOADADDR (.scratch_y)

.stack1_dummy
 *(.stack1*)

.stack_dummy    0x20041000      0x800
 *(.stack*)
 .stack         0x20041000      0x800 CMakeFiles/Apolo.dir/C_/Users/renzo/.pico-sdk/sdk/2.2.0/src/rp2_common/pico_crt0/crt0.S.obj

.rel.dyn        0x20041800        0x0
 .rel.iplt      0x20041800        0x0 C:/Users/renzo/.pico-sdk/toolchain/14_2_Rel1/bin/../lib/gcc/arm-none-eabi/14.2.1/thumb/v6-m/nofp/crtbegin.o

.flash_end      0x10008bc0        0x0
 *(.embedded_end_block*)
                0x10008bc0                        PROVIDE (__flash_binary_end = .)
                0x20040000                        __StackLimit = (ORIGIN (RAM) + LENGTH (RAM))
                0x20041000                        __StackOneTop = (ORIGIN (SCRATCH_X) + LENGTH (SCRATCH_X))
                0x20042000                        __StackTop = (ORIGIN (SCRATCH_Y) + LENGTH (SCRATCH_Y))
                0x20041000                        __StackOneBottom = (__StackOneTop - SIZEOF (.stack1_dummy))
                0x20041800                        __StackBottom = (__StackTop - SIZEOF (.stack_dummy))
                0x20042000                        PROVIDE (__stack = __StackTop)
                [!provide]                        PROVIDE (__heap_start = __end__)
                [!provide]                        PROVIDE (__heap_end = __HeapLimit)
                [!provide]                        PROVIDE (__tls_align = MAX (ALIGNOF (.tdata), ALIGNOF (.tbss)))
                [!provide]                        PROVIDE (__tls_size_align = (((__tls_size + __tls_align) - 0x1) & ~ ((__tls_align - 0x1))))
                [!provide]                        PROVIDE (__arm32_tls_tcb_offset = MAX (0x8, __tls_align))
                [!provide]                        PROVIDE (_end = __end__)
                [!provide]                        PROVIDE (__llvm_libc_heap_limit = __HeapLimit)
                0x00000001                        ASSERT ((__StackLimit >= __HeapLimit), region RAM overflowed)
                0x00000001                        ASSERT (((__binary_info_header_end - __logical_binary_start) <= 0x100), Binary info must be in first 256 bytes of the binary)
LOAD CMakeFiles/Apolo.dir/Apolo.c.obj
LOAD CMakeFiles/Apolo.dir/C_/Users/renzo/.pico-sdk/sdk/2.2.0/src/rp2_common/pico_stdlib/stdlib.c.obj